Archive member included to satisfy reference by file (symbol)

app/libapp.a(main.c.obj)      (--whole-archive)
zephyr/libzephyr.a(heap.c.obj)
                              (--whole-archive)
zephyr/libzephyr.a(cbprintf_packaged.c.obj)
                              (--whole-archive)
zephyr/libzephyr.a(printk.c.obj)
                              (--whole-archive)
zephyr/libzephyr.a(sem.c.obj)
                              (--whole-archive)
zephyr/libzephyr.a(thread_entry.c.obj)
                              (--whole-archive)
zephyr/libzephyr.a(cbprintf_complete.c.obj)
                              (--whole-archive)
zephyr/libzephyr.a(assert.c.obj)
                              (--whole-archive)
zephyr/libzephyr.a(dec.c.obj)
                              (--whole-archive)
zephyr/libzephyr.a(hex.c.obj)
                              (--whole-archive)
zephyr/libzephyr.a(rb.c.obj)  (--whole-archive)
zephyr/libzephyr.a(timeutil.c.obj)
                              (--whole-archive)
zephyr/libzephyr.a(bitarray.c.obj)
                              (--whole-archive)
zephyr/libzephyr.a(configs.c.obj)
                              (--whole-archive)
zephyr/libzephyr.a(soc.c.obj)
                              (--whole-archive)
zephyr/libzephyr.a(device_power.c.obj)
                              (--whole-archive)
zephyr/libzephyr.a(power.c.obj)
                              (--whole-archive)
zephyr/libzephyr.a(log_core.c.obj)
                              (--whole-archive)
zephyr/libzephyr.a(log_mgmt.c.obj)
                              (--whole-archive)
zephyr/libzephyr.a(log_cache.c.obj)
                              (--whole-archive)
zephyr/libzephyr.a(log_msg.c.obj)
                              (--whole-archive)
zephyr/libzephyr.a(log_output.c.obj)
                              (--whole-archive)
zephyr/libzephyr.a(log_backend_uart.c.obj)
                              (--whole-archive)
zephyr/libzephyr.a(pm.c.obj)  (--whole-archive)
zephyr/libzephyr.a(policy.c.obj)
                              (--whole-archive)
zephyr/libzephyr.a(state.c.obj)
                              (--whole-archive)
zephyr/libzephyr.a(tracing_none.c.obj)
                              (--whole-archive)
zephyr/arch/common/libarch__common.a(sw_isr_common.c.obj)
                              (--whole-archive)
zephyr/arch/arch/arm/core/libarch__arm__core.a(fatal.c.obj)
                              (--whole-archive)
zephyr/arch/arch/arm/core/libarch__arm__core.a(nmi.c.obj)
                              (--whole-archive)
zephyr/arch/arch/arm/core/libarch__arm__core.a(nmi_on_reset.S.obj)
                              (--whole-archive)
zephyr/arch/arch/arm/core/libarch__arm__core.a(tls.c.obj)
                              (--whole-archive)
zephyr/arch/arch/arm/core/cortex_m/libarch__arm__core__cortex_m.a(exc_exit.c.obj)
                              (--whole-archive)
zephyr/arch/arch/arm/core/cortex_m/libarch__arm__core__cortex_m.a(fault.c.obj)
                              (--whole-archive)
zephyr/arch/arch/arm/core/cortex_m/libarch__arm__core__cortex_m.a(fault_s.S.obj)
                              (--whole-archive)
zephyr/arch/arch/arm/core/cortex_m/libarch__arm__core__cortex_m.a(fpu.c.obj)
                              (--whole-archive)
zephyr/arch/arch/arm/core/cortex_m/libarch__arm__core__cortex_m.a(reset.S.obj)
                              (--whole-archive)
zephyr/arch/arch/arm/core/cortex_m/libarch__arm__core__cortex_m.a(scb.c.obj)
                              (--whole-archive)
zephyr/arch/arch/arm/core/cortex_m/libarch__arm__core__cortex_m.a(thread_abort.c.obj)
                              (--whole-archive)
zephyr/arch/arch/arm/core/cortex_m/libarch__arm__core__cortex_m.a(vector_table.S.obj)
                              (--whole-archive)
zephyr/arch/arch/arm/core/cortex_m/libarch__arm__core__cortex_m.a(swap.c.obj)
                              (--whole-archive)
zephyr/arch/arch/arm/core/cortex_m/libarch__arm__core__cortex_m.a(swap_helper.S.obj)
                              (--whole-archive)
zephyr/arch/arch/arm/core/cortex_m/libarch__arm__core__cortex_m.a(irq_manage.c.obj)
                              (--whole-archive)
zephyr/arch/arch/arm/core/cortex_m/libarch__arm__core__cortex_m.a(prep_c.c.obj)
                              (--whole-archive)
zephyr/arch/arch/arm/core/cortex_m/libarch__arm__core__cortex_m.a(thread.c.obj)
                              (--whole-archive)
zephyr/arch/arch/arm/core/cortex_m/libarch__arm__core__cortex_m.a(cpu_idle.c.obj)
                              (--whole-archive)
zephyr/arch/arch/arm/core/cortex_m/libarch__arm__core__cortex_m.a(irq_init.c.obj)
                              (--whole-archive)
zephyr/arch/arch/arm/core/cortex_m/libarch__arm__core__cortex_m.a(isr_wrapper.c.obj)
                              (--whole-archive)
zephyr/arch/arch/arm/core/cortex_m/libarch__arm__core__cortex_m.a(__aeabi_read_tp.S.obj)
                              (--whole-archive)
[...]
Memory Configuration

Name             Origin             Length             Attributes
FLASH            0x00000000000e0000 0x0000000000038000 xr
RAM              0x0000000000118000 0x0000000000008000 xw
IDT_LIST         0x00000000ffff7fff 0x0000000000008000 xw
*default*        0x0000000000000000 0xffffffffffffffff

Linker script and memory map

                0x00000000000e386c                vfprintf = __l_vfprintf
                0x0000000000000000                vfscanf = __l_vfscanf
LOAD zephyr/CMakeFiles/zephyr_pre0.dir/misc/empty_file.c.obj
LOAD zephyr/CMakeFiles/offsets.dir/./arch/arm/core/offsets/offsets.c.obj
LOAD app/libapp.a
LOAD zephyr/libzephyr.a
LOAD zephyr/arch/common/libarch__common.a
LOAD zephyr/arch/arch/arm/core/libarch__arm__core.a
LOAD zephyr/arch/arch/arm/core/cortex_m/libarch__arm__core__cortex_m.a
LOAD zephyr/lib/libc/picolibc/liblib__libc__picolibc.a
LOAD zephyr/lib/libc/common/liblib__libc__common.a
LOAD zephyr/drivers/clock_control/libdrivers__clock_control.a
LOAD zephyr/drivers/console/libdrivers__console.a
LOAD zephyr/drivers/gpio/libdrivers__gpio.a
LOAD zephyr/drivers/pinctrl/libdrivers__pinctrl.a
LOAD zephyr/drivers/pwm/libdrivers__pwm.a
LOAD zephyr/drivers/serial/libdrivers__serial.a
LOAD zephyr/drivers/timer/libdrivers__timer.a
LOAD zephyr/kernel/libkernel.a
LOAD /home/jayesh/zephyr-sdk-0.16.8/arm-zephyr-eabi/bin/../lib/gcc/arm-zephyr-eabi/12.2.0/thumb/v7e-m/nofp/libgcc.a
LOAD zephyr/arch/common/libisr_tables.a
LOAD /home/jayesh/zephyr-sdk-0.16.8/arm-zephyr-eabi/bin/../lib/gcc/../../picolibc/arm-zephyr-eabi/lib/thumb/v7e-m/nofp/libc.a
LOAD /home/jayesh/zephyr-sdk-0.16.8/arm-zephyr-eabi/bin/../lib/gcc/arm-zephyr-eabi/12.2.0/thumb/v7e-m/nofp/libgcc.a
                0x0000000000000004                _region_min_align = 0x4

.rel.plt        0x00000000000e0000        0x0
 *(SORT_BY_ALIGNMENT(.rel.plt))
                [!provide]                        PROVIDE (__rel_iplt_start = .)
 *(SORT_BY_ALIGNMENT(.rel.iplt))
 .rel.iplt      0x00000000000e0000        0x0 app/libapp.a(main.c.obj)
                [!provide]                        PROVIDE (__rel_iplt_end = .)

.rela.plt       0x0000000000000000        0x0
 *(SORT_BY_ALIGNMENT(.rela.plt))
                [!provide]                        PROVIDE (__rela_iplt_start = .)
 *(SORT_BY_ALIGNMENT(.rela.iplt))
                [!provide]                        PROVIDE (__rela_iplt_end = .)

.rel.dyn
 *(SORT_BY_ALIGNMENT(.rel.*))

.rela.dyn
 *(SORT_BY_ALIGNMENT(.rela.*))

/DISCARD/
 *(SORT_BY_ALIGNMENT(.plt))

/DISCARD/
 *(SORT_BY_ALIGNMENT(.iplt))
                0x00000000000e0000                __rom_region_start = 0xe0000

rom_start       0x00000000000e0000      0x2f8
                0x00000000000e0000                __rom_start_address = .
 FILL mask 0x00
                0x00000000000e0000                . = (. + (0x0 - (. - __rom_start_address)))
                0x00000000000e0000                . = ALIGN (0x4)
                0x00000000000e0000                . = ALIGN (0x80)
                0x00000000000e0000                . = ALIGN (0x400)
                0x00000000000e0000                _vector_start = .
 *(SORT_BY_ALIGNMENT(.exc_vector_table))
 *(SORT_BY_ALIGNMENT(.exc_vector_table.*))
 .exc_vector_table._vector_table_section
                0x00000000000e0000       0x40 zephyr/arch/arch/arm/core/cortex_m/libarch__arm__core__cortex_m.a(vector_table.S.obj)
                0x00000000000e0000                _vector_table
 *(SORT_BY_ALIGNMENT(.vectors))
                0x00000000000e02f8                _vector_end = .
                0x00000000000e0040                . = ALIGN (0x4)
 *(SORT_BY_ALIGNMENT(.gnu.linkonce.irq_vector_table*))
 .gnu.linkonce.irq_vector_table
                0x00000000000e0040      0x2b8 zephyr/arch/common/libisr_tables.a(isr_tables.c.obj)
                0x00000000000e0040                _irq_vector_table
                0x00000000000e02f8                _vector_end = .

text            0x00000000000e02f8     0x442c
                0x00000000000e02f8                __text_region_start = .
 *(SORT_BY_ALIGNMENT(.text))
 .text          0x00000000000e02f8       0x30 /home/jayesh/zephyr-sdk-0.16.8/arm-zephyr-eabi/bin/../lib/gcc/arm-zephyr-eabi/12.2.0/thumb/v7e-m/nofp/libgcc.a(_aeabi_uldivmod.o)
                0x00000000000e02f8                __aeabi_uldivmod
 .text          0x00000000000e0328        0x4 /home/jayesh/zephyr-sdk-0.16.8/arm-zephyr-eabi/bin/../lib/gcc/arm-zephyr-eabi/12.2.0/thumb/v7e-m/nofp/libgcc.a(_dvmd_tls.o)
                0x00000000000e0328                __aeabi_ldiv0
                0x00000000000e0328                __aeabi_idiv0
 .text          0x00000000000e032c      0x2a0 /home/jayesh/zephyr-sdk-0.16.8/arm-zephyr-eabi/bin/../lib/gcc/arm-zephyr-eabi/12.2.0/thumb/v7e-m/nofp/libgcc.a(_udivmoddi4.o)
                0x00000000000e032c                __udivmoddi4
 .text          0x00000000000e05cc       0x10 /home/jayesh/zephyr-sdk-0.16.8/arm-zephyr-eabi/bin/../lib/gcc/../../picolibc/arm-zephyr-eabi/lib/thumb/v7e-m/nofp/libc.a(strlen.S.o)
                0x00000000000e05cc                strlen
 *(SORT_BY_ALIGNMENT(.text.*))
 *fill*         0x00000000000e05dc        0x4 
 .text.main     0x00000000000e05e0      0x110 app/libapp.a(main.c.obj)
                0x00000000000e05e0                main
 .text.cbvprintf_package
                0x00000000000e06f0      0x3a4 zephyr/libzephyr.a(cbprintf_packaged.c.obj)
                0x00000000000e06f0                cbvprintf_package
 .text.__printk_hook_install
                0x00000000000e0a94        0xc zephyr/libzephyr.a(printk.c.obj)
                0x00000000000e0a94                __printk_hook_install
 .text.z_thread_entry
                0x00000000000e0aa0       0x34 zephyr/libzephyr.a(thread_entry.c.obj)
                0x00000000000e0aa0                z_thread_entry
 .text.soc_init
                0x00000000000e0ad4       0x88 zephyr/libzephyr.a(soc.c.obj)
 .text.soc_lite_sleep_enable
                0x00000000000e0b5c       0x1c zephyr/libzephyr.a(device_power.c.obj)
                0x00000000000e0b5c                soc_lite_sleep_enable
 .text.soc_deep_sleep_enable
                0x00000000000e0b78       0x18 zephyr/libzephyr.a(device_power.c.obj)
                0x00000000000e0b78                soc_deep_sleep_enable
 .text.soc_deep_sleep_disable
                0x00000000000e0b90       0x1c zephyr/libzephyr.a(device_power.c.obj)
                0x00000000000e0b90                soc_deep_sleep_disable
 .text.soc_deep_sleep_periph_save
                0x00000000000e0bac       0x90 zephyr/libzephyr.a(device_power.c.obj)
                0x00000000000e0bac                soc_deep_sleep_periph_save
 .text.soc_deep_sleep_periph_restore
                0x00000000000e0c3c       0x60 zephyr/libzephyr.a(device_power.c.obj)
                0x00000000000e0c3c                soc_deep_sleep_periph_restore
 .text.pm_state_set
                0x00000000000e0c9c       0x70 zephyr/libzephyr.a(power.c.obj)
                0x00000000000e0c9c                pm_state_set
 .text.z_log_init.isra.0
                0x00000000000e0d0c       0xd0 zephyr/libzephyr.a(log_core.c.obj)
 .text.log_format_func_t_get
                0x00000000000e0ddc        0xc zephyr/libzephyr.a(log_core.c.obj)
                0x00000000000e0ddc                log_format_func_t_get
 .text.log_set_timestamp_func
                0x00000000000e0de8       0x20 zephyr/libzephyr.a(log_core.c.obj)
                0x00000000000e0de8                log_set_timestamp_func
 .text.log_core_init
                0x00000000000e0e08       0x28 zephyr/libzephyr.a(log_core.c.obj)
                0x00000000000e0e08                log_core_init
 .text.z_impl_log_panic
                0x00000000000e0e30       0x3c zephyr/libzephyr.a(log_core.c.obj)
                0x00000000000e0e30                z_impl_log_panic
 .text.z_log_dropped
                0x00000000000e0e6c       0x30 zephyr/libzephyr.a(log_core.c.obj)
                0x00000000000e0e6c                z_log_dropped
 .text.z_log_msg_commit
                0x00000000000e0e9c       0x38 zephyr/libzephyr.a(log_core.c.obj)
                0x00000000000e0e9c                z_log_msg_commit
 .text.log_source_name_get
                0x00000000000e0ed4       0x1c zephyr/libzephyr.a(log_mgmt.c.obj)
                0x00000000000e0ed4                log_source_name_get
 .text.log_backend_enable
                0x00000000000e0ef0       0x28 zephyr/libzephyr.a(log_mgmt.c.obj)
                0x00000000000e0ef0                log_backend_enable
 .text.z_log_msg_runtime_vcreate
                0x00000000000e0f18       0xac zephyr/libzephyr.a(log_msg.c.obj)
                0x00000000000e0f18                z_log_msg_runtime_vcreate
 .text.log_msg_get_source_id
                0x00000000000e0fc4       0x18 zephyr/libzephyr.a(log_msg.c.obj)
                0x00000000000e0fc4                log_msg_get_source_id
 .text.print_formatted
                0x00000000000e0fdc       0x24 zephyr/libzephyr.a(log_output.c.obj)
 .text.newline_print
                0x00000000000e1000       0x1c zephyr/libzephyr.a(log_output.c.obj)
 .text.log_output_process
                0x00000000000e101c      0x2d4 zephyr/libzephyr.a(log_output.c.obj)
                0x00000000000e101c                log_output_process
 .text.log_output_timestamp_freq_set
                0x00000000000e12f0       0x2c zephyr/libzephyr.a(log_output.c.obj)
                0x00000000000e12f0                log_output_timestamp_freq_set
 .text.char_out
                0x00000000000e131c       0x24 zephyr/libzephyr.a(log_backend_uart.c.obj)
 .text.pm_state_notify
                0x00000000000e1340       0x58 zephyr/libzephyr.a(pm.c.obj)
 .text.pm_system_resume
                0x00000000000e1398       0x64 zephyr/libzephyr.a(pm.c.obj)
                0x00000000000e1398                pm_system_resume
 .text.pm_system_suspend
                0x00000000000e13fc       0xec zephyr/libzephyr.a(pm.c.obj)
                0x00000000000e13fc                pm_system_suspend
 .text.pm_policy_state_lock_is_active
                0x00000000000e14e8       0x58 zephyr/libzephyr.a(policy.c.obj)
                0x00000000000e14e8                pm_policy_state_lock_is_active
 .text.pm_policy_next_state
                0x00000000000e1540       0xfc zephyr/libzephyr.a(policy.c.obj)
                0x00000000000e1540                pm_policy_next_state
 .text.pm_state_cpu_get_all
                0x00000000000e163c       0x20 zephyr/libzephyr.a(state.c.obj)
                0x00000000000e163c                pm_state_cpu_get_all
 .text.z_arm_fatal_error
                0x00000000000e165c       0xc4 zephyr/arch/arch/arm/core/libarch__arm__core.a(fatal.c.obj)
                0x00000000000e165c                z_arm_fatal_error
 .text.z_SysNmiOnReset
                0x00000000000e1720        0x8 zephyr/arch/arch/arm/core/libarch__arm__core.a(nmi_on_reset.S.obj)
                0x00000000000e1720                z_SysNmiOnReset
 .text.arch_tls_stack_setup
                0x00000000000e1728       0x40 zephyr/arch/arch/arm/core/libarch__arm__core.a(tls.c.obj)
                0x00000000000e1728                arch_tls_stack_setup
 .text._HandlerModeExit
                0x00000000000e1768       0x28 zephyr/arch/arch/arm/core/cortex_m/libarch__arm__core__cortex_m.a(exc_exit.c.obj)
                0x00000000000e1768                z_arm_exc_exit
                0x00000000000e1768                z_arm_int_exit
 .text.mem_manage_fault.constprop.0
                0x00000000000e1790      0x100 zephyr/arch/arch/arm/core/cortex_m/libarch__arm__core__cortex_m.a(fault.c.obj)
 .text.bus_fault.constprop.0
                0x00000000000e1890      0x118 zephyr/arch/arch/arm/core/cortex_m/libarch__arm__core__cortex_m.a(fault.c.obj)
 .text.usage_fault.constprop.0
                0x00000000000e19a8      0x108 zephyr/arch/arch/arm/core/cortex_m/libarch__arm__core__cortex_m.a(fault.c.obj)
 .text.z_arm_fault
                0x00000000000e1ab0      0x20c zephyr/arch/arch/arm/core/cortex_m/libarch__arm__core__cortex_m.a(fault.c.obj)
                0x00000000000e1ab0                z_arm_fault
 .text.z_arm_fault_init
                0x00000000000e1cbc       0x18 zephyr/arch/arch/arm/core/cortex_m/libarch__arm__core__cortex_m.a(fault.c.obj)
                0x00000000000e1cbc                z_arm_fault_init
 .text.__fault  0x00000000000e1cd4       0x14 zephyr/arch/arch/arm/core/cortex_m/libarch__arm__core__cortex_m.a(fault_s.S.obj)
                0x00000000000e1cd4                z_arm_bus_fault
                0x00000000000e1cd4                z_arm_usage_fault
                0x00000000000e1cd4                z_arm_mpu_fault
                0x00000000000e1cd4                z_arm_exc_spurious
                0x00000000000e1cd4                z_arm_debug_monitor
                0x00000000000e1cd4                z_arm_hard_fault
 .text._reset_section
                0x00000000000e1ce8       0x2c zephyr/arch/arch/arm/core/cortex_m/libarch__arm__core__cortex_m.a(reset.S.obj)
                0x00000000000e1ce8                z_arm_reset
                0x00000000000e1ce8                __start
 .text.z_impl_k_thread_abort
                0x00000000000e1d14       0x2c zephyr/arch/arch/arm/core/cortex_m/libarch__arm__core__cortex_m.a(thread_abort.c.obj)
                0x00000000000e1d14                z_impl_k_thread_abort
 .text.arch_swap
                0x00000000000e1d40       0x30 zephyr/arch/arch/arm/core/cortex_m/libarch__arm__core__cortex_m.a(swap.c.obj)
                0x00000000000e1d40                arch_swap
 .text.z_arm_pendsv_c
                0x00000000000e1d70       0x40 zephyr/arch/arch/arm/core/cortex_m/libarch__arm__core__cortex_m.a(swap.c.obj)
                0x00000000000e1d70                z_arm_pendsv_c
 .text.z_arm_pendsv
                0x00000000000e1db0       0x34 zephyr/arch/arch/arm/core/cortex_m/libarch__arm__core__cortex_m.a(swap_helper.S.obj)
                0x00000000000e1db0                z_arm_pendsv
 .text.z_arm_svc
                0x00000000000e1de4       0x20 zephyr/arch/arch/arm/core/cortex_m/libarch__arm__core__cortex_m.a(swap_helper.S.obj)
                0x00000000000e1de4                z_arm_svc
 .text.arch_irq_enable
                0x00000000000e1e04       0x1c zephyr/arch/arch/arm/core/cortex_m/libarch__arm__core__cortex_m.a(irq_manage.c.obj)
                0x00000000000e1e04                arch_irq_enable
 .text.z_arm_irq_priority_set
                0x00000000000e1e20       0x30 zephyr/arch/arch/arm/core/cortex_m/libarch__arm__core__cortex_m.a(irq_manage.c.obj)
                0x00000000000e1e20                z_arm_irq_priority_set
 .text.z_prep_c
                0x00000000000e1e50       0x2c zephyr/arch/arch/arm/core/cortex_m/libarch__arm__core__cortex_m.a(prep_c.c.obj)
                0x00000000000e1e50                z_prep_c
 .text.arch_new_thread
                0x00000000000e1e7c       0x38 zephyr/arch/arch/arm/core/cortex_m/libarch__arm__core__cortex_m.a(thread.c.obj)
                0x00000000000e1e7c                arch_new_thread
 .text.arch_switch_to_main_thread
                0x00000000000e1eb4       0x40 zephyr/arch/arch/arm/core/cortex_m/libarch__arm__core__cortex_m.a(thread.c.obj)
                0x00000000000e1eb4                arch_switch_to_main_thread
 .text.z_arm_cpu_idle_init
                0x00000000000e1ef4        0xc zephyr/arch/arch/arm/core/cortex_m/libarch__arm__core__cortex_m.a(cpu_idle.c.obj)
                0x00000000000e1ef4                z_arm_cpu_idle_init
 .text.z_arm_interrupt_init
                0x00000000000e1f00       0x18 zephyr/arch/arch/arm/core/cortex_m/libarch__arm__core__cortex_m.a(irq_init.c.obj)
                0x00000000000e1f00                z_arm_interrupt_init
 .text._isr_wrapper
                0x00000000000e1f18       0x38 zephyr/arch/arch/arm/core/cortex_m/libarch__arm__core__cortex_m.a(isr_wrapper.c.obj)
                0x00000000000e1f18                _isr_wrapper
 .text.z_impl_zephyr_fputc
                0x00000000000e1f50       0x10 zephyr/lib/libc/picolibc/liblib__libc__picolibc.a(libc-hooks.c.obj)
                0x00000000000e1f50                z_impl_zephyr_fputc
 .text.__stdout_hook_install
                0x00000000000e1f60       0x18 zephyr/lib/libc/picolibc/liblib__libc__picolibc.a(libc-hooks.c.obj)
                0x00000000000e1f60                __stdout_hook_install
 .text.cbvprintf
                0x00000000000e1f78       0x38 zephyr/lib/libc/picolibc/liblib__libc__picolibc.a(libc-hooks.c.obj)
                0x00000000000e1f78                cbvprintf
 .text.malloc_prepare
                0x00000000000e1fb0       0x20 zephyr/lib/libc/common/liblib__libc__common.a(malloc.c.obj)
 .text.xec_clock_control_core_clock_divider_set
                0x00000000000e1fd0       0x24 zephyr/drivers/clock_control/libdrivers__clock_control.a(clock_control_mchp_xec.c.obj)
 .text.xec_clock_control_get_subsys_rate
                0x00000000000e1ff4       0x40 zephyr/drivers/clock_control/libdrivers__clock_control.a(clock_control_mchp_xec.c.obj)
 .text.xec_cc_on.constprop.0
                0x00000000000e2034       0x7c zephyr/drivers/clock_control/libdrivers__clock_control.a(clock_control_mchp_xec.c.obj)
 .text.xec_clock_control_init
                0x00000000000e20b0      0x144 zephyr/drivers/clock_control/libdrivers__clock_control.a(clock_control_mchp_xec.c.obj)
 .text.uart_console_init
                0x00000000000e21f4       0x28 zephyr/drivers/console/libdrivers__console.a(uart_console.c.obj)
 .text.console_out
                0x00000000000e221c       0x28 zephyr/drivers/console/libdrivers__console.a(uart_console.c.obj)
 .text.gpio_xec_configure
                0x00000000000e2244       0xc8 zephyr/drivers/gpio/libdrivers__gpio.a(gpio_mchp_xec.c.obj)
 .text.gpio_xec_pin_interrupt_configure
                0x00000000000e230c       0xd4 zephyr/drivers/gpio/libdrivers__gpio.a(gpio_mchp_xec.c.obj)
 .text.gpio_xec_port_set_masked_raw
                0x00000000000e23e0       0x20 zephyr/drivers/gpio/libdrivers__gpio.a(gpio_mchp_xec.c.obj)
 .text.gpio_xec_port_set_bits_raw
                0x00000000000e2400       0x18 zephyr/drivers/gpio/libdrivers__gpio.a(gpio_mchp_xec.c.obj)
 .text.gpio_xec_port_clear_bits_raw
                0x00000000000e2418       0x1c zephyr/drivers/gpio/libdrivers__gpio.a(gpio_mchp_xec.c.obj)
 .text.gpio_xec_port_toggle_bits
                0x00000000000e2434       0x18 zephyr/drivers/gpio/libdrivers__gpio.a(gpio_mchp_xec.c.obj)
 .text.gpio_xec_port_get_raw
                0x00000000000e244c       0x14 zephyr/drivers/gpio/libdrivers__gpio.a(gpio_mchp_xec.c.obj)
 .text.gpio_xec_port000_036_init
                0x00000000000e2460       0x28 zephyr/drivers/gpio/libdrivers__gpio.a(gpio_mchp_xec.c.obj)
 .text.gpio_xec_port040_076_init
                0x00000000000e2488       0x28 zephyr/drivers/gpio/libdrivers__gpio.a(gpio_mchp_xec.c.obj)
 .text.gpio_xec_port100_136_init
                0x00000000000e24b0       0x2c zephyr/drivers/gpio/libdrivers__gpio.a(gpio_mchp_xec.c.obj)
 .text.gpio_xec_port140_176_init
                0x00000000000e24dc       0x28 zephyr/drivers/gpio/libdrivers__gpio.a(gpio_mchp_xec.c.obj)
 .text.gpio_xec_port200_236_init
                0x00000000000e2504       0x28 zephyr/drivers/gpio/libdrivers__gpio.a(gpio_mchp_xec.c.obj)
 .text.gpio_xec_port240_276_init
                0x00000000000e252c       0x28 zephyr/drivers/gpio/libdrivers__gpio.a(gpio_mchp_xec.c.obj)
 .text.gpio_gpio_xec_port_isr
                0x00000000000e2554       0x40 zephyr/drivers/gpio/libdrivers__gpio.a(gpio_mchp_xec.c.obj)
 .text.pwm_xec_get_cycles_per_sec
                0x00000000000e2594       0x1c zephyr/drivers/pwm/libdrivers__pwm.a(pwm_mchp_xec.c.obj)
 .text.pwm_xec_init
                0x00000000000e25b0       0x48 zephyr/drivers/pwm/libdrivers__pwm.a(pwm_mchp_xec.c.obj)
 .text.xec_select_best_div_on_off
                0x00000000000e25f8       0xe8 zephyr/drivers/pwm/libdrivers__pwm.a(pwm_mchp_xec.c.obj)
 .text.pwm_xec_set_cycles
                0x00000000000e26e0      0x2a4 zephyr/drivers/pwm/libdrivers__pwm.a(pwm_mchp_xec.c.obj)
 .text.uart_xec_init
                0x00000000000e2984       0x60 zephyr/drivers/serial/libdrivers__serial.a(uart_mchp_xec.c.obj)
 .text.timer_restart
                0x00000000000e29e4       0x18 zephyr/drivers/timer/libdrivers__timer.a(mchp_xec_rtos_timer.c.obj)
 .text.xec_rtos_timer_isr
                0x00000000000e29fc       0x60 zephyr/drivers/timer/libdrivers__timer.a(mchp_xec_rtos_timer.c.obj)
 .text.timer_count
                0x00000000000e2a5c       0x1c zephyr/drivers/timer/libdrivers__timer.a(mchp_xec_rtos_timer.c.obj)
 .text.sys_clock_driver_init
                0x00000000000e2a78       0x94 zephyr/drivers/timer/libdrivers__timer.a(mchp_xec_rtos_timer.c.obj)
 .text.sys_clock_set_timeout
                0x00000000000e2b0c       0x94 zephyr/drivers/timer/libdrivers__timer.a(mchp_xec_rtos_timer.c.obj)
                0x00000000000e2b0c                sys_clock_set_timeout
 .text.sys_clock_elapsed
                0x00000000000e2ba0       0x44 zephyr/drivers/timer/libdrivers__timer.a(mchp_xec_rtos_timer.c.obj)
                0x00000000000e2ba0                sys_clock_elapsed
 .text.sys_clock_cycle_get_32
                0x00000000000e2be4       0x38 zephyr/drivers/timer/libdrivers__timer.a(mchp_xec_rtos_timer.c.obj)
                0x00000000000e2be4                sys_clock_cycle_get_32
 .text.sys_clock_idle_exit
                0x00000000000e2c1c       0x18 zephyr/drivers/timer/libdrivers__timer.a(mchp_xec_rtos_timer.c.obj)
                0x00000000000e2c1c                sys_clock_idle_exit
 .text.k_sys_fatal_error_handler
                0x00000000000e2c34       0x2c zephyr/kernel/libkernel.a(fatal.c.obj)
                0x00000000000e2c34                k_sys_fatal_error_handler
 .text.z_fatal_error
                0x00000000000e2c60       0xcc zephyr/kernel/libkernel.a(fatal.c.obj)
                0x00000000000e2c60                z_fatal_error
 .text.z_sys_init_run_level
                0x00000000000e2d2c       0x2c zephyr/kernel/libkernel.a(init.c.obj)
 .text.bg_thread_main
                0x00000000000e2d58       0xc4 zephyr/kernel/libkernel.a(init.c.obj)
 .text.z_bss_zero
                0x00000000000e2e1c       0x18 zephyr/kernel/libkernel.a(init.c.obj)
                0x00000000000e2e1c                z_bss_zero
 .text.z_init_cpu
                0x00000000000e2e34       0x84 zephyr/kernel/libkernel.a(init.c.obj)
                0x00000000000e2e34                z_init_cpu
 .text.z_cstart
                0x00000000000e2eb8       0xd4 zephyr/kernel/libkernel.a(init.c.obj)
                0x00000000000e2eb8                z_cstart
 .text.idle     0x00000000000e2f8c       0x38 zephyr/kernel/libkernel.a(idle.c.obj)
                0x00000000000e2f8c                idle
 .text.z_setup_new_thread
                0x00000000000e2fc4       0x70 zephyr/kernel/libkernel.a(thread.c.obj)
                0x00000000000e2fc4                z_setup_new_thread
 .text.update_cache
                0x00000000000e3034       0x3c zephyr/kernel/libkernel.a(sched.c.obj)
 .text.unready_thread
                0x00000000000e3070       0x30 zephyr/kernel/libkernel.a(sched.c.obj)
 .text.ready_thread
                0x00000000000e30a0       0x68 zephyr/kernel/libkernel.a(sched.c.obj)
 .text.z_thread_halt
                0x00000000000e3108       0xd8 zephyr/kernel/libkernel.a(sched.c.obj)
 .text.move_thread_to_end_of_prio_q
                0x00000000000e31e0       0x74 zephyr/kernel/libkernel.a(sched.c.obj)
                0x00000000000e31e0                move_thread_to_end_of_prio_q
 .text.z_reschedule
                0x00000000000e3254       0x24 zephyr/kernel/libkernel.a(sched.c.obj)
                0x00000000000e3254                z_reschedule
 .text.z_sched_start
                0x00000000000e3278       0x3c zephyr/kernel/libkernel.a(sched.c.obj)
                0x00000000000e3278                z_sched_start
 .text.z_reschedule_irqlock
                0x00000000000e32b4       0x28 zephyr/kernel/libkernel.a(sched.c.obj)
                0x00000000000e32b4                z_reschedule_irqlock
 .text.k_sched_lock
                0x00000000000e32dc       0x28 zephyr/kernel/libkernel.a(sched.c.obj)
                0x00000000000e32dc                k_sched_lock
 .text.k_sched_unlock
                0x00000000000e3304       0x40 zephyr/kernel/libkernel.a(sched.c.obj)
                0x00000000000e3304                k_sched_unlock
 .text.z_sched_init
                0x00000000000e3344       0x10 zephyr/kernel/libkernel.a(sched.c.obj)
                0x00000000000e3344                z_sched_init
 .text.z_impl_k_yield
                0x00000000000e3354       0x7c zephyr/kernel/libkernel.a(sched.c.obj)
                0x00000000000e3354                z_impl_k_yield
 .text.z_tick_sleep
                0x00000000000e33d0       0x88 zephyr/kernel/libkernel.a(sched.c.obj)
 .text.z_impl_k_sleep
                0x00000000000e3458       0x3c zephyr/kernel/libkernel.a(sched.c.obj)
                0x00000000000e3458                z_impl_k_sleep
 .text.z_impl_k_sched_current_thread_query
                0x00000000000e3494        0xc zephyr/kernel/libkernel.a(sched.c.obj)
                0x00000000000e3494                z_impl_k_sched_current_thread_query
 .text.slice_timeout
                0x00000000000e34a0       0x20 zephyr/kernel/libkernel.a(timeslicing.c.obj)
 .text.thread_is_sliceable
                0x00000000000e34c0       0x3c zephyr/kernel/libkernel.a(timeslicing.c.obj)
                0x00000000000e34c0                thread_is_sliceable
 .text.z_reset_time_slice
                0x00000000000e34fc       0x50 zephyr/kernel/libkernel.a(timeslicing.c.obj)
                0x00000000000e34fc                z_reset_time_slice
 .text.z_time_slice
                0x00000000000e354c       0x60 zephyr/kernel/libkernel.a(timeslicing.c.obj)
                0x00000000000e354c                z_time_slice
 .text.z_data_copy
                0x00000000000e35ac       0x34 zephyr/kernel/libkernel.a(xip.c.obj)
                0x00000000000e35ac                z_data_copy
 .text.elapsed  0x00000000000e35e0       0x14 zephyr/kernel/libkernel.a(timeout.c.obj)
 .text.remove_timeout
                0x00000000000e35f4       0x38 zephyr/kernel/libkernel.a(timeout.c.obj)
 .text.next_timeout
                0x00000000000e362c       0x40 zephyr/kernel/libkernel.a(timeout.c.obj)
 .text.z_add_timeout
                0x00000000000e366c       0xf4 zephyr/kernel/libkernel.a(timeout.c.obj)
                0x00000000000e366c                z_add_timeout
 .text.sys_clock_announce
                0x00000000000e3760       0xd0 zephyr/kernel/libkernel.a(timeout.c.obj)
                0x00000000000e3760                sys_clock_announce
 .text.sys_clock_tick_get
                0x00000000000e3830       0x30 zephyr/kernel/libkernel.a(timeout.c.obj)
                0x00000000000e3830                sys_clock_tick_get
 .text.boot_banner
                0x00000000000e3860        0xc zephyr/kernel/libkernel.a(banner.c.obj)
                0x00000000000e3860                boot_banner
 .text.__l_vfprintf
                0x00000000000e386c      0x4b8 /home/jayesh/zephyr-sdk-0.16.8/arm-zephyr-eabi/bin/../lib/gcc/../../picolibc/arm-zephyr-eabi/lib/thumb/v7e-m/nofp/libc.a(libc_tinystdio_vflprintf.c.o)
                0x00000000000e386c                __l_vfprintf
 .text._OffsetAbsSyms
                0x00000000000e3d24        0x2 zephyr/CMakeFiles/offsets.dir/./arch/arm/core/offsets/offsets.c.obj
                0x00000000000e3d24                _OffsetAbsSyms
 .text.chunk_size
                0x00000000000e3d26        0xa zephyr/libzephyr.a(heap.c.obj)
 .text.free_list_add
                0x00000000000e3d30       0x4e zephyr/libzephyr.a(heap.c.obj)
 .text.sys_heap_init
                0x00000000000e3d7e       0x7a zephyr/libzephyr.a(heap.c.obj)
                0x00000000000e3d7e                sys_heap_init
 .text.cbpprintf_external
                0x00000000000e3df8       0x62 zephyr/libzephyr.a(cbprintf_packaged.c.obj)
                0x00000000000e3df8                cbpprintf_external
 .text.arch_printk_char_out
                0x00000000000e3e5a        0x4 zephyr/libzephyr.a(printk.c.obj)
                0x00000000000e3e5a                arch_printk_char_out
 .text.printk   0x00000000000e3e5e       0x1a zephyr/libzephyr.a(printk.c.obj)
                0x00000000000e3e5e                printk
 .text._ConfigAbsSyms
                0x00000000000e3e78        0x2 zephyr/libzephyr.a(configs.c.obj)
                0x00000000000e3e78                _ConfigAbsSyms
 .text.soc_deep_sleep_wait_clk_idle
                0x00000000000e3e7a        0x2 zephyr/libzephyr.a(device_power.c.obj)
                0x00000000000e3e7a                soc_deep_sleep_wait_clk_idle
 .text.soc_deep_sleep_non_wake_en
                0x00000000000e3e7c        0x2 zephyr/libzephyr.a(device_power.c.obj)
                0x00000000000e3e7c                soc_deep_sleep_non_wake_en
 .text.soc_deep_sleep_non_wake_dis
                0x00000000000e3e7e        0x2 zephyr/libzephyr.a(device_power.c.obj)
                0x00000000000e3e7e                soc_deep_sleep_non_wake_dis
 .text.pm_state_exit_post_ops
                0x00000000000e3e80       0x1c zephyr/libzephyr.a(power.c.obj)
                0x00000000000e3e80                pm_state_exit_post_ops
 .text.dummy_timestamp
                0x00000000000e3e9c        0x4 zephyr/libzephyr.a(log_core.c.obj)
 .text.default_get_timestamp
                0x00000000000e3ea0        0x4 zephyr/libzephyr.a(log_core.c.obj)
 .text.atomic_inc
                0x00000000000e3ea4       0x1a zephyr/libzephyr.a(log_core.c.obj)
 .text.enable_logger
                0x00000000000e3ebe        0xe zephyr/libzephyr.a(log_core.c.obj)
 .text.z_log_vprintk
                0x00000000000e3ecc       0x1c zephyr/libzephyr.a(log_core.c.obj)
                0x00000000000e3ecc                z_log_vprintk
 .text.z_log_notify_backend_enabled
                0x00000000000e3ee8        0x2 zephyr/libzephyr.a(log_core.c.obj)
                0x00000000000e3ee8                z_log_notify_backend_enabled
 .text.z_log_get_tag
                0x00000000000e3eea        0x4 zephyr/libzephyr.a(log_core.c.obj)
                0x00000000000e3eea                z_log_get_tag
 .text.z_log_msg_finalize
                0x00000000000e3eee       0x32 zephyr/libzephyr.a(log_msg.c.obj)
                0x00000000000e3eee                z_log_msg_finalize
 .text.z_log_msg_runtime_create.constprop.0
                0x00000000000e3f20       0x20 zephyr/libzephyr.a(log_msg.c.obj)
 .text.out_func
                0x00000000000e3f40       0x1c zephyr/libzephyr.a(log_output.c.obj)
 .text.cr_out_func
                0x00000000000e3f5c       0x1c zephyr/libzephyr.a(log_output.c.obj)
 .text.buffer_write
                0x00000000000e3f78       0x1c zephyr/libzephyr.a(log_output.c.obj)
 .text.log_output_flush
                0x00000000000e3f94       0x1a zephyr/libzephyr.a(log_output.c.obj)
                0x00000000000e3f94                log_output_flush
 .text.log_output_msg_process
                0x00000000000e3fae       0x6a zephyr/libzephyr.a(log_output.c.obj)
                0x00000000000e3fae                log_output_msg_process
 .text.format_set
                0x00000000000e4018        0xc zephyr/libzephyr.a(log_backend_uart.c.obj)
 .text.log_backend_uart_init
                0x00000000000e4024        0xc zephyr/libzephyr.a(log_backend_uart.c.obj)
 .text.panic    0x00000000000e4030       0x10 zephyr/libzephyr.a(log_backend_uart.c.obj)
 .text.process  0x00000000000e4040       0x1e zephyr/libzephyr.a(log_backend_uart.c.obj)
 .text.z_log_msg_runtime_create.constprop.0
                0x00000000000e405e       0x20 zephyr/arch/arch/arm/core/libarch__arm__core.a(fatal.c.obj)
 .text.z_do_kernel_oops
                0x00000000000e407e        0x8 zephyr/arch/arch/arm/core/libarch__arm__core.a(fatal.c.obj)
                0x00000000000e407e                z_do_kernel_oops
 .text.z_arm_nmi
                0x00000000000e4086        0xe zephyr/arch/arch/arm/core/libarch__arm__core.a(nmi.c.obj)
                0x00000000000e4086                z_arm_nmi
 .text.z_log_msg_runtime_create.constprop.0
                0x00000000000e4094       0x20 zephyr/arch/arch/arm/core/cortex_m/libarch__arm__core__cortex_m.a(fault.c.obj)
 .text.z_irq_spurious
                0x00000000000e40b4        0x8 zephyr/arch/arch/arm/core/cortex_m/libarch__arm__core__cortex_m.a(irq_manage.c.obj)
                0x00000000000e40b4                z_irq_spurious
 .text.arch_irq_unlock_outlined
                0x00000000000e40bc        0xe zephyr/arch/arch/arm/core/cortex_m/libarch__arm__core__cortex_m.a(thread.c.obj)
                0x00000000000e40bc                arch_irq_unlock_outlined
 .text.arch_cpu_idle
                0x00000000000e40ca       0x1a zephyr/arch/arch/arm/core/cortex_m/libarch__arm__core__cortex_m.a(cpu_idle.c.obj)
                0x00000000000e40ca                arch_cpu_idle
 .text.cbputc   0x00000000000e40e4        0xc zephyr/lib/libc/picolibc/liblib__libc__picolibc.a(libc-hooks.c.obj)
 .text.picolibc_put
                0x00000000000e40f0        0xa zephyr/lib/libc/picolibc/liblib__libc__picolibc.a(libc-hooks.c.obj)
 .text.xec_clock_control_off
                0x00000000000e40fa        0x8 zephyr/drivers/clock_control/libdrivers__clock_control.a(clock_control_mchp_xec.c.obj)
 .text.xec_clock_control_on
                0x00000000000e4102        0x8 zephyr/drivers/clock_control/libdrivers__clock_control.a(clock_control_mchp_xec.c.obj)
 .text.z_log_msg_runtime_create.constprop.0
                0x00000000000e410a       0x20 zephyr/drivers/clock_control/libdrivers__clock_control.a(clock_control_mchp_xec.c.obj)
 .text.pinctrl_apply_state
                0x00000000000e412a       0x1e zephyr/drivers/clock_control/libdrivers__clock_control.a(clock_control_mchp_xec.c.obj)
 .text.gpio_xec_manage_callback
                0x00000000000e4148       0x48 zephyr/drivers/gpio/libdrivers__gpio.a(gpio_mchp_xec.c.obj)
 .text.pinctrl_lookup_state
                0x00000000000e4190       0x26 zephyr/drivers/pinctrl/libdrivers__pinctrl.a(common.c.obj)
                0x00000000000e4190                pinctrl_lookup_state
 .text.pinctrl_configure_pins
                0x00000000000e41b6      0x11e zephyr/drivers/pinctrl/libdrivers__pinctrl.a(pinctrl_mchp_xec.c.obj)
                0x00000000000e41b6                pinctrl_configure_pins
 .text.z_log_msg_runtime_create.constprop.0
                0x00000000000e42d4       0x20 zephyr/drivers/pwm/libdrivers__pwm.a(pwm_mchp_xec.c.obj)
 .text.uart_xec_configure
                0x00000000000e42f4       0xc6 zephyr/drivers/serial/libdrivers__serial.a(uart_mchp_xec.c.obj)
 .text.uart_xec_config_get
                0x00000000000e43ba       0x1a zephyr/drivers/serial/libdrivers__serial.a(uart_mchp_xec.c.obj)
 .text.uart_xec_poll_in
                0x00000000000e43d4       0x2c zephyr/drivers/serial/libdrivers__serial.a(uart_mchp_xec.c.obj)
 .text.uart_xec_poll_out
                0x00000000000e4400       0x24 zephyr/drivers/serial/libdrivers__serial.a(uart_mchp_xec.c.obj)
 .text.uart_xec_err_check
                0x00000000000e4424       0x24 zephyr/drivers/serial/libdrivers__serial.a(uart_mchp_xec.c.obj)
 .text.z_device_state_init
                0x00000000000e4448        0x2 zephyr/kernel/libkernel.a(device.c.obj)
                0x00000000000e4448                z_device_state_init
 .text.z_impl_device_is_ready
                0x00000000000e444a       0x16 zephyr/kernel/libkernel.a(device.c.obj)
                0x00000000000e444a                z_impl_device_is_ready
 .text.z_log_msg_runtime_create.constprop.0
                0x00000000000e4460       0x20 zephyr/kernel/libkernel.a(fatal.c.obj)
 .text.arch_system_halt
                0x00000000000e4480       0x10 zephyr/kernel/libkernel.a(fatal.c.obj)
                0x00000000000e4480                arch_system_halt
 .text.do_device_init
                0x00000000000e4490       0x30 zephyr/kernel/libkernel.a(init.c.obj)
 .text.z_early_memset
                0x00000000000e44c0        0x4 zephyr/kernel/libkernel.a(init.c.obj)
                0x00000000000e44c0                z_early_memset
 .text.z_early_memcpy
                0x00000000000e44c4        0x4 zephyr/kernel/libkernel.a(init.c.obj)
                0x00000000000e44c4                z_early_memcpy
 .text.z_init_static
                0x00000000000e44c8        0x2 zephyr/kernel/libkernel.a(init_static.c.obj)
                0x00000000000e44c8                z_init_static
 .text.k_thread_name_get
                0x00000000000e44ca        0x4 zephyr/kernel/libkernel.a(thread.c.obj)
                0x00000000000e44ca                k_thread_name_get
 .text.z_impl_k_thread_start
                0x00000000000e44ce        0x4 zephyr/kernel/libkernel.a(thread.c.obj)
                0x00000000000e44ce                z_impl_k_thread_start
 .text.sys_dlist_remove
                0x00000000000e44d2       0x10 zephyr/kernel/libkernel.a(sched.c.obj)
 .text.unpend_thread_no_timeout
                0x00000000000e44e2       0x14 zephyr/kernel/libkernel.a(sched.c.obj)
 .text.z_ready_thread
                0x00000000000e44f6       0x1e zephyr/kernel/libkernel.a(sched.c.obj)
                0x00000000000e44f6                z_ready_thread
 .text.z_impl_k_thread_suspend
                0x00000000000e4514       0x34 zephyr/kernel/libkernel.a(sched.c.obj)
                0x00000000000e4514                z_impl_k_thread_suspend
 .text.z_sched_wake_thread
                0x00000000000e4548       0x42 zephyr/kernel/libkernel.a(sched.c.obj)
                0x00000000000e4548                z_sched_wake_thread
 .text.z_thread_timeout
                0x00000000000e458a        0x8 zephyr/kernel/libkernel.a(sched.c.obj)
                0x00000000000e458a                z_thread_timeout
 .text.z_thread_abort
                0x00000000000e4592       0x44 zephyr/kernel/libkernel.a(sched.c.obj)
                0x00000000000e4592                z_thread_abort
 .text.z_abort_timeout
                0x00000000000e45d6       0x2a zephyr/kernel/libkernel.a(timeout.c.obj)
                0x00000000000e45d6                z_abort_timeout
 .text.z_get_next_timeout_expiry
                0x00000000000e4600       0x1e zephyr/kernel/libkernel.a(timeout.c.obj)
                0x00000000000e4600                z_get_next_timeout_expiry
 .text.sys_clock_tick_get_32
                0x00000000000e461e        0x8 zephyr/kernel/libkernel.a(timeout.c.obj)
                0x00000000000e461e                sys_clock_tick_get_32
 .text.strnlen  0x00000000000e4626       0x18 /home/jayesh/zephyr-sdk-0.16.8/arm-zephyr-eabi/bin/../lib/gcc/../../picolibc/arm-zephyr-eabi/lib/thumb/v7e-m/nofp/libc.a(libc_string_strnlen.c.o)
                0x00000000000e4626                strnlen
 .text.__ultoa_invert
                0x00000000000e463e       0xae /home/jayesh/zephyr-sdk-0.16.8/arm-zephyr-eabi/bin/../lib/gcc/../../picolibc/arm-zephyr-eabi/lib/thumb/v7e-m/nofp/libc.a(libc_tinystdio_vflprintf.c.o)
 .text.memcpy   0x00000000000e46ec       0x1c /home/jayesh/zephyr-sdk-0.16.8/arm-zephyr-eabi/bin/../lib/gcc/../../picolibc/arm-zephyr-eabi/lib/thumb/v7e-m/nofp/libc.a(memcpy.c.o)
                0x00000000000e46ec                memcpy
                0x00000000000e46ec                __aeabi_memcpy
                0x00000000000e46ec                __aeabi_memcpy4
                0x00000000000e46ec                __aeabi_memcpy8
 .text.memset   0x00000000000e4708       0x10 /home/jayesh/zephyr-sdk-0.16.8/arm-zephyr-eabi/bin/../lib/gcc/../../picolibc/arm-zephyr-eabi/lib/thumb/v7e-m/nofp/libc.a(memset.c.o)
                0x00000000000e4708                memset
 *(SORT_BY_ALIGNMENT(.TEXT.*))
 .TEXT.__aeabi_read_tp
                0x00000000000e4718        0xc zephyr/arch/arch/arm/core/cortex_m/libarch__arm__core__cortex_m.a(__aeabi_read_tp.S.obj)
                0x00000000000e4718                __aeabi_read_tp
 *(SORT_BY_ALIGNMENT(.gnu.linkonce.t.*))
 *(SORT_BY_ALIGNMENT(.glue_7t))
 .glue_7t       0x00000000000e4724        0x0 linker stubs
 *(SORT_BY_ALIGNMENT(.glue_7))
 .glue_7        0x00000000000e4724        0x0 linker stubs
 *(SORT_BY_ALIGNMENT(.vfp11_veneer))
 .vfp11_veneer  0x00000000000e4724        0x0 linker stubs
 *(SORT_BY_ALIGNMENT(.v4_bx))
 .v4_bx         0x00000000000e4724        0x0 linker stubs
                0x00000000000e4724                . = ALIGN (0x4)
                0x00000000000e4724                __text_region_end = .

.ARM.exidx      0x00000000000e4724        0x8
                0x00000000000e4724                __exidx_start = .
 *(SORT_BY_ALIGNMENT(.ARM.exidx*) SORT_BY_ALIGNMENT(gnu.linkonce.armexidx.*))
 .ARM.exidx     0x00000000000e4724        0x8 /home/jayesh/zephyr-sdk-0.16.8/arm-zephyr-eabi/bin/../lib/gcc/arm-zephyr-eabi/12.2.0/thumb/v7e-m/nofp/libgcc.a(_udivmoddi4.o)
 .ARM.exidx     0x00000000000e472c        0x0 /home/jayesh/zephyr-sdk-0.16.8/arm-zephyr-eabi/bin/../lib/gcc/../../picolibc/arm-zephyr-eabi/lib/thumb/v7e-m/nofp/libc.a(strlen.S.o)
                                          0x8 (size before relaxing)
                0x00000000000e472c                __exidx_end = .
                0x00000000000e472c                __rodata_region_start = .

initlevel       0x00000000000e472c       0x70
                0x00000000000e472c                __init_start = .
                0x00000000000e472c                __init_EARLY_start = .
 *(SORT_BY_NAME(SORT_BY_ALIGNMENT(.z_init_EARLY?_*)))
 *(SORT_BY_NAME(SORT_BY_ALIGNMENT(.z_init_EARLY??_*)))
                0x00000000000e472c                __init_PRE_KERNEL_1_start = .
 *(SORT_BY_NAME(SORT_BY_ALIGNMENT(.z_init_PRE_KERNEL_1?_*)))
 *(SORT_BY_NAME(SORT_BY_ALIGNMENT(.z_init_PRE_KERNEL_1??_*)))
 .z_init_PRE_KERNEL_130_00052_
                0x00000000000e472c        0x8 zephyr/drivers/clock_control/libdrivers__clock_control.a(clock_control_mchp_xec.c.obj)
 .z_init_PRE_KERNEL_140_0_
                0x00000000000e4734        0x8 zephyr/libzephyr.a(soc.c.obj)
 .z_init_PRE_KERNEL_141_00013_
                0x00000000000e473c        0x8 zephyr/drivers/gpio/libdrivers__gpio.a(gpio_mchp_xec.c.obj)
 .z_init_PRE_KERNEL_141_00043_
                0x00000000000e4744        0x8 zephyr/drivers/gpio/libdrivers__gpio.a(gpio_mchp_xec.c.obj)
 .z_init_PRE_KERNEL_141_00102_
                0x00000000000e474c        0x8 zephyr/drivers/gpio/libdrivers__gpio.a(gpio_mchp_xec.c.obj)
 .z_init_PRE_KERNEL_141_00157_
                0x00000000000e4754        0x8 zephyr/drivers/gpio/libdrivers__gpio.a(gpio_mchp_xec.c.obj)
 .z_init_PRE_KERNEL_141_00158_
                0x00000000000e475c        0x8 zephyr/drivers/gpio/libdrivers__gpio.a(gpio_mchp_xec.c.obj)
 .z_init_PRE_KERNEL_141_00159_
                0x00000000000e4764        0x8 zephyr/drivers/gpio/libdrivers__gpio.a(gpio_mchp_xec.c.obj)
 .z_init_PRE_KERNEL_150_00098_
                0x00000000000e476c        0x8 zephyr/drivers/serial/libdrivers__serial.a(uart_mchp_xec.c.obj)
 .z_init_PRE_KERNEL_160_0_
                0x00000000000e4774        0x8 zephyr/drivers/console/libdrivers__console.a(uart_console.c.obj)
                0x00000000000e477c                __init_PRE_KERNEL_2_start = .
 *(SORT_BY_NAME(SORT_BY_ALIGNMENT(.z_init_PRE_KERNEL_2?_*)))
 .z_init_PRE_KERNEL_20_0_
                0x00000000000e477c        0x8 zephyr/drivers/timer/libdrivers__timer.a(mchp_xec_rtos_timer.c.obj)
 *(SORT_BY_NAME(SORT_BY_ALIGNMENT(.z_init_PRE_KERNEL_2??_*)))
                0x00000000000e4784                __init_POST_KERNEL_start = .
 *(SORT_BY_NAME(SORT_BY_ALIGNMENT(.z_init_POST_KERNEL?_*)))
 .z_init_POST_KERNEL0_0_
                0x00000000000e4784        0x8 zephyr/libzephyr.a(log_core.c.obj)
 *(SORT_BY_NAME(SORT_BY_ALIGNMENT(.z_init_POST_KERNEL??_*)))
 .z_init_POST_KERNEL35_0_
                0x00000000000e478c        0x8 zephyr/lib/libc/common/liblib__libc__common.a(malloc.c.obj)
 .z_init_POST_KERNEL50_00019_
                0x00000000000e4794        0x8 zephyr/drivers/pwm/libdrivers__pwm.a(pwm_mchp_xec.c.obj)
                0x00000000000e479c                __init_APPLICATION_start = .
 *(SORT_BY_NAME(SORT_BY_ALIGNMENT(.z_init_APPLICATION?_*)))
 *(SORT_BY_NAME(SORT_BY_ALIGNMENT(.z_init_APPLICATION??_*)))
                0x00000000000e479c                __init_SMP_start = .
 *(SORT_BY_NAME(SORT_BY_ALIGNMENT(.z_init_SMP?_*)))
 *(SORT_BY_NAME(SORT_BY_ALIGNMENT(.z_init_SMP??_*)))
                0x00000000000e479c                __init_end = .
                0x00000000000e479c                __deferred_init_list_start = .
 *(SORT_BY_ALIGNMENT(.z_deferred_init*))
                0x00000000000e479c                __deferred_init_list_end = .

device_area     0x00000000000e479c       0xb4
                0x00000000000e479c                _device_list_start = .
 *(SORT_BY_NAME(SORT_BY_ALIGNMENT(._device.static.*_?_*)))
 *(SORT_BY_NAME(SORT_BY_ALIGNMENT(._device.static.*_??_*)))
 ._device.static.1_30_
                0x00000000000e479c       0x14 zephyr/drivers/clock_control/libdrivers__clock_control.a(clock_control_mchp_xec.c.obj)
                0x00000000000e479c                __device_dts_ord_52
 ._device.static.1_41_
                0x00000000000e47b0       0x78 zephyr/drivers/gpio/libdrivers__gpio.a(gpio_mchp_xec.c.obj)
                0x00000000000e47b0                __device_dts_ord_159
                0x00000000000e47c4                __device_dts_ord_158
                0x00000000000e47d8                __device_dts_ord_13
                0x00000000000e47ec                __device_dts_ord_102
                0x00000000000e4800                __device_dts_ord_157
                0x00000000000e4814                __device_dts_ord_43
 ._device.static.1_50_
                0x00000000000e4828       0x14 zephyr/drivers/serial/libdrivers__serial.a(uart_mchp_xec.c.obj)
                0x00000000000e4828                __device_dts_ord_98
 ._device.static.3_50_
                0x00000000000e483c       0x14 zephyr/drivers/pwm/libdrivers__pwm.a(pwm_mchp_xec.c.obj)
                0x00000000000e483c                __device_dts_ord_19
                0x00000000000e4850                _device_list_end = .

sw_isr_table    0x00000000000e4850      0x570
                0x00000000000e4850                . = ALIGN (0x4)
 *(SORT_BY_ALIGNMENT(.gnu.linkonce.sw_isr_table*))
 .gnu.linkonce.sw_isr_table
                0x00000000000e4850      0x570 zephyr/arch/common/libisr_tables.a(isr_tables.c.obj)
                0x00000000000e4850                _sw_isr_table

initlevel_error
                0x00000000000e472c        0x0
 *(SORT_BY_NAME(SORT_BY_ALIGNMENT(.z_init_[_A-Z0-9]*)))
                0x0000000000000001                ASSERT ((SIZEOF (initlevel_error) == 0x0), Undefined initialization levels used.)

app_shmem_regions
                0x00000000000e4dc0        0x0
                0x00000000000e4dc0                __app_shmem_regions_start = .
 *(SORT_BY_NAME(SORT_BY_ALIGNMENT(.app_regions.*)))
                0x00000000000e4dc0                __app_shmem_regions_end = .

k_p4wq_initparam_area
                0x00000000000e4dc0        0x0
                0x00000000000e4dc0                _k_p4wq_initparam_list_start = .
 *(SORT_BY_NAME(SORT_BY_ALIGNMENT(._k_p4wq_initparam.static.*)))
                0x00000000000e4dc0                _k_p4wq_initparam_list_end = .

_static_thread_data_area
                0x00000000000e4dc0        0x0
                0x00000000000e4dc0                __static_thread_data_list_start = .
 *(SORT_BY_NAME(SORT_BY_ALIGNMENT(.__static_thread_data.static.*)))
                0x00000000000e4dc0                __static_thread_data_list_end = .

device_deps     0x00000000000e4dc0        0x0
                0x00000000000e4dc0                __device_deps_start = .
 *(SORT_BY_NAME(SORT_BY_ALIGNMENT(.__device_deps_pass2*)))
                0x00000000000e4dc0                __device_deps_end = .

ztest           0x00000000000e4dc0        0x0
                0x00000000000e4dc0                _ztest_expected_result_entry_list_start = .
 *(SORT_BY_NAME(SORT_BY_ALIGNMENT(._ztest_expected_result_entry.static.*)))
                0x00000000000e4dc0                _ztest_expected_result_entry_list_end = .
                0x00000000000e4dc0                _ztest_suite_node_list_start = .
 *(SORT_BY_NAME(SORT_BY_ALIGNMENT(._ztest_suite_node.static.*)))
                0x00000000000e4dc0                _ztest_suite_node_list_end = .
                0x00000000000e4dc0                _ztest_unit_test_list_start = .
 *(SORT_BY_NAME(SORT_BY_ALIGNMENT(._ztest_unit_test.static.*)))
                0x00000000000e4dc0                _ztest_unit_test_list_end = .
                0x00000000000e4dc0                _ztest_test_rule_list_start = .
 *(SORT_BY_NAME(SORT_BY_ALIGNMENT(._ztest_test_rule.static.*)))
                0x00000000000e4dc0                _ztest_test_rule_list_end = .

init_array      0x00000000000e4dc0        0x0
 *(SORT_BY_NAME(SORT_BY_ALIGNMENT(.ctors*)))
 *(SORT_BY_NAME(SORT_BY_ALIGNMENT(.init_array*)))
                0x0000000000000001                ASSERT ((SIZEOF (init_array) == 0x0), GNU-style constructors required but STATIC_INIT_GNU not enabled)

bt_l2cap_fixed_chan_area
                0x00000000000e4dc0        0x0
                0x00000000000e4dc0                _bt_l2cap_fixed_chan_list_start = .
 *(SORT_BY_NAME(SORT_BY_ALIGNMENT(._bt_l2cap_fixed_chan.static.*)))
                0x00000000000e4dc0                _bt_l2cap_fixed_chan_list_end = .

bt_gatt_service_static_area
                0x00000000000e4dc0        0x0
                0x00000000000e4dc0                _bt_gatt_service_static_list_start = .
 *(SORT_BY_NAME(SORT_BY_ALIGNMENT(._bt_gatt_service_static.static.*)))
                0x00000000000e4dc0                _bt_gatt_service_static_list_end = .

log_strings_area
                0x00000000000e4dc0        0x0
                0x00000000000e4dc0                _log_strings_list_start = .
 *(SORT_BY_NAME(SORT_BY_ALIGNMENT(._log_strings.static.*)))
                0x00000000000e4dc0                _log_strings_list_end = .

log_const_area  0x00000000000e4dc0       0x48
                0x00000000000e4dc0                _log_const_list_start = .
 *(SORT_BY_NAME(SORT_BY_ALIGNMENT(._log_const.static.*)))
 ._log_const.static.log_const_cbprintf_package_
                0x00000000000e4dc0        0x8 zephyr/libzephyr.a(cbprintf_packaged.c.obj)
                0x00000000000e4dc0                log_const_cbprintf_package
 ._log_const.static.log_const_clock_control_xec_
                0x00000000000e4dc8        0x8 zephyr/drivers/clock_control/libdrivers__clock_control.a(clock_control_mchp_xec.c.obj)
                0x00000000000e4dc8                log_const_clock_control_xec
 ._log_const.static.log_const_log_
                0x00000000000e4dd0        0x8 zephyr/libzephyr.a(log_core.c.obj)
                0x00000000000e4dd0                log_const_log
 ._log_const.static.log_const_log_mgmt_
                0x00000000000e4dd8        0x8 zephyr/libzephyr.a(log_mgmt.c.obj)
                0x00000000000e4dd8                log_const_log_mgmt
 ._log_const.static.log_const_log_uart_
                0x00000000000e4de0        0x8 zephyr/libzephyr.a(log_backend_uart.c.obj)
                0x00000000000e4de0                log_const_log_uart
 ._log_const.static.log_const_os_
                0x00000000000e4de8        0x8 zephyr/kernel/libkernel.a(init.c.obj)
                0x00000000000e4de8                log_const_os
 ._log_const.static.log_const_pm_
                0x00000000000e4df0        0x8 zephyr/libzephyr.a(pm.c.obj)
                0x00000000000e4df0                log_const_pm
 ._log_const.static.log_const_pwm_mchp_xec_
                0x00000000000e4df8        0x8 zephyr/drivers/pwm/libdrivers__pwm.a(pwm_mchp_xec.c.obj)
                0x00000000000e4df8                log_const_pwm_mchp_xec
 ._log_const.static.log_const_uart_xec_
                0x00000000000e4e00        0x8 zephyr/drivers/serial/libdrivers__serial.a(uart_mchp_xec.c.obj)
                0x00000000000e4e00                log_const_uart_xec
                0x00000000000e4e08                _log_const_list_end = .

log_backend_area
                0x00000000000e4e08       0x10
                0x00000000000e4e08                _log_backend_list_start = .
 *(SORT_BY_NAME(SORT_BY_ALIGNMENT(._log_backend.static.*)))
 ._log_backend.static.log_backend_uart_
                0x00000000000e4e08       0x10 zephyr/libzephyr.a(log_backend_uart.c.obj)
                0x00000000000e4e18                _log_backend_list_end = .

log_link_area   0x00000000000e4e18        0x0
                0x00000000000e4e18                _log_link_list_start = .
 *(SORT_BY_NAME(SORT_BY_ALIGNMENT(._log_link.static.*)))
                0x00000000000e4e18                _log_link_list_end = .

tracing_backend_area
                0x00000000000e4e18        0x0
                0x00000000000e4e18                _tracing_backend_list_start = .
 *(SORT_BY_NAME(SORT_BY_ALIGNMENT(._tracing_backend.static.*)))
                0x00000000000e4e18                _tracing_backend_list_end = .

zephyr_dbg_info
 *(SORT_BY_ALIGNMENT(.dbg_thread_info))

intc_table_area
                0x00000000000e4e18        0x0
                0x00000000000e4e18                _intc_table_list_start = .
 *(SORT_BY_NAME(SORT_BY_ALIGNMENT(._intc_table.static.*)))
                0x00000000000e4e18                _intc_table_list_end = .

symbol_to_keep  0x00000000000e4e18        0x0
                0x00000000000e4e18                __symbol_to_keep_start = .
 *(SORT_BY_NAME(SORT_BY_ALIGNMENT(.symbol_to_keep*)))
                0x00000000000e4e18                __symbol_to_keep_end = .

shell_area      0x00000000000e4e18        0x0
                0x00000000000e4e18                _shell_list_start = .
 *(SORT_BY_NAME(SORT_BY_ALIGNMENT(._shell.static.*)))
                0x00000000000e4e18                _shell_list_end = .

shell_root_cmds_area
                0x00000000000e4e18        0x0
                0x00000000000e4e18                _shell_root_cmds_list_start = .
 *(SORT_BY_NAME(SORT_BY_ALIGNMENT(._shell_root_cmds.static.*)))
                0x00000000000e4e18                _shell_root_cmds_list_end = .

shell_subcmds_area
                0x00000000000e4e18        0x0
                0x00000000000e4e18                _shell_subcmds_list_start = .
 *(SORT_BY_NAME(SORT_BY_ALIGNMENT(._shell_subcmds.static.*)))
                0x00000000000e4e18                _shell_subcmds_list_end = .

shell_dynamic_subcmds_area
                0x00000000000e4e18        0x0
                0x00000000000e4e18                _shell_dynamic_subcmds_list_start = .
 *(SORT_BY_NAME(SORT_BY_ALIGNMENT(._shell_dynamic_subcmds.static.*)))
                0x00000000000e4e18                _shell_dynamic_subcmds_list_end = .

cfb_font_area   0x00000000000e4e18        0x0
                0x00000000000e4e18                _cfb_font_list_start = .
 *(SORT_BY_NAME(SORT_BY_ALIGNMENT(._cfb_font.static.*)))
                0x00000000000e4e18                _cfb_font_list_end = .

tdata           0x00000000000e4e18        0x0
 *(SORT_BY_ALIGNMENT(.tdata) SORT_BY_ALIGNMENT(.tdata.*) SORT_BY_ALIGNMENT(.gnu.linkonce.td.*))

tbss            0x00000000000e4e18        0x4
 *(SORT_BY_ALIGNMENT(.tbss) SORT_BY_ALIGNMENT(.tbss.*) SORT_BY_ALIGNMENT(.gnu.linkonce.tb.*) SORT_BY_ALIGNMENT(.tcommon))
 .tbss.z_tls_current
                0x00000000000e4e18        0x4 zephyr/libzephyr.a(thread_entry.c.obj)
                0x00000000000e4e18                z_tls_current
                0x00000000000e4e18                PROVIDE (__tdata_start = LOADADDR (tdata))
                0x0000000000000001                PROVIDE (__tdata_align = ALIGNOF (tdata))
                0x0000000000000000                PROVIDE (__tdata_size = (((SIZEOF (tdata) + __tdata_align) - 0x1) & ~ ((__tdata_align - 0x1))))
                [!provide]                        PROVIDE (__tdata_end = (__tdata_start + __tdata_size))
                0x0000000000000004                PROVIDE (__tbss_align = ALIGNOF (tbss))
                [!provide]                        PROVIDE (__tbss_start = ADDR (tbss))
                0x0000000000000004                PROVIDE (__tbss_size = (((SIZEOF (tbss) + __tbss_align) - 0x1) & ~ ((__tbss_align - 0x1))))
                [!provide]                        PROVIDE (__tbss_end = (__tbss_start + __tbss_size))
                [!provide]                        PROVIDE (__tls_start = __tdata_start)
                [!provide]                        PROVIDE (__tls_end = __tbss_end)
                [!provide]                        PROVIDE (__tls_size = (__tbss_end - __tdata_start))

rodata          0x00000000000e4e18      0xb20
 *(SORT_BY_ALIGNMENT(.rodata))
 *(SORT_BY_ALIGNMENT(.rodata.*))
 .rodata.ds_timer_tbl
                0x00000000000e4e18       0x28 zephyr/libzephyr.a(device_power.c.obj)
                0x00000000000e4e18                ds_timer_tbl
 .rodata.format_table
                0x00000000000e4e40       0x10 zephyr/libzephyr.a(log_core.c.obj)
 .rodata.colors
                0x00000000000e4e50       0x14 zephyr/libzephyr.a(log_output.c.obj)
 .rodata.severity
                0x00000000000e4e64       0x14 zephyr/libzephyr.a(log_output.c.obj)
 .rodata.lbu_cb_ctx
                0x00000000000e4e78        0x8 zephyr/libzephyr.a(log_backend_uart.c.obj)
 .rodata.lbu_output
                0x00000000000e4e80       0x10 zephyr/libzephyr.a(log_backend_uart.c.obj)
 .rodata.log_backend_uart_api
                0x00000000000e4e90       0x1c zephyr/libzephyr.a(log_backend_uart.c.obj)
                0x00000000000e4e90                log_backend_uart_api
 .rodata.cpus_states
                0x00000000000e4eac        0x8 zephyr/libzephyr.a(state.c.obj)
 .rodata.pmstates_DT_N_S_cpus_S_power_states
                0x00000000000e4eb4        0x0 zephyr/libzephyr.a(state.c.obj)
 .rodata.pmstates_DT_N_S_cpus_S_cpu_0
                0x00000000000e4eb4       0x18 zephyr/libzephyr.a(state.c.obj)
 .rodata.pcr_xec_config
                0x00000000000e4ecc       0x1c zephyr/drivers/clock_control/libdrivers__clock_control.a(clock_control_mchp_xec.c.obj)
                0x00000000000e4ecc                pcr_xec_config
 .rodata.__pinctrl_dev_config__device_dts_ord_52
                0x00000000000e4ee8        0x8 zephyr/drivers/clock_control/libdrivers__clock_control.a(clock_control_mchp_xec.c.obj)
 .rodata.__pinctrl_states__device_dts_ord_52
                0x00000000000e4ef0        0x0 zephyr/drivers/clock_control/libdrivers__clock_control.a(clock_control_mchp_xec.c.obj)
 .rodata.xec_clock_control_api
                0x00000000000e4ef0       0x1c zephyr/drivers/clock_control/libdrivers__clock_control.a(clock_control_mchp_xec.c.obj)
 .rodata.gpio_xec_port240_276_config
                0x00000000000e4f0c       0x14 zephyr/drivers/gpio/libdrivers__gpio.a(gpio_mchp_xec.c.obj)
 .rodata.gpio_xec_port200_236_config
                0x00000000000e4f20       0x14 zephyr/drivers/gpio/libdrivers__gpio.a(gpio_mchp_xec.c.obj)
 .rodata.gpio_xec_port140_176_config
                0x00000000000e4f34       0x14 zephyr/drivers/gpio/libdrivers__gpio.a(gpio_mchp_xec.c.obj)
 .rodata.gpio_xec_port100_136_config
                0x00000000000e4f48       0x14 zephyr/drivers/gpio/libdrivers__gpio.a(gpio_mchp_xec.c.obj)
 .rodata.gpio_xec_port040_076_config
                0x00000000000e4f5c       0x14 zephyr/drivers/gpio/libdrivers__gpio.a(gpio_mchp_xec.c.obj)
 .rodata.gpio_xec_port000_036_config
                0x00000000000e4f70       0x14 zephyr/drivers/gpio/libdrivers__gpio.a(gpio_mchp_xec.c.obj)
 .rodata.gpio_xec_driver_api
                0x00000000000e4f84       0x24 zephyr/drivers/gpio/libdrivers__gpio.a(gpio_mchp_xec.c.obj)
 .rodata.valid_ctrl_masks
                0x00000000000e4fa8       0x18 zephyr/drivers/gpio/libdrivers__gpio.a(gpio_mchp_xec.c.obj)
 .rodata.__pinctrl_dev_config__device_dts_ord_19
                0x00000000000e4fc0        0x8 zephyr/drivers/pwm/libdrivers__pwm.a(pwm_mchp_xec.c.obj)
 .rodata.__pinctrl_states__device_dts_ord_19
                0x00000000000e4fc8        0x8 zephyr/drivers/pwm/libdrivers__pwm.a(pwm_mchp_xec.c.obj)
 .rodata.__pinctrl_state_pins_0__device_dts_ord_19
                0x00000000000e4fd0        0x4 zephyr/drivers/pwm/libdrivers__pwm.a(pwm_mchp_xec.c.obj)
 .rodata.pwm_xec_driver_api
                0x00000000000e4fd4        0x8 zephyr/drivers/pwm/libdrivers__pwm.a(pwm_mchp_xec.c.obj)
 .rodata.max_freq_low_on_div
                0x00000000000e4fdc       0x40 zephyr/drivers/pwm/libdrivers__pwm.a(pwm_mchp_xec.c.obj)
 .rodata.max_freq_high_on_div
                0x00000000000e501c       0x40 zephyr/drivers/pwm/libdrivers__pwm.a(pwm_mchp_xec.c.obj)
 .rodata.uart_xec_dev_cfg_0
                0x00000000000e505c       0x10 zephyr/drivers/serial/libdrivers__serial.a(uart_mchp_xec.c.obj)
 .rodata.__pinctrl_dev_config__device_dts_ord_98
                0x00000000000e506c        0x8 zephyr/drivers/serial/libdrivers__serial.a(uart_mchp_xec.c.obj)
 .rodata.__pinctrl_states__device_dts_ord_98
                0x00000000000e5074        0x8 zephyr/drivers/serial/libdrivers__serial.a(uart_mchp_xec.c.obj)
 .rodata.__pinctrl_state_pins_0__device_dts_ord_98
                0x00000000000e507c        0x8 zephyr/drivers/serial/libdrivers__serial.a(uart_mchp_xec.c.obj)
 .rodata.uart_xec_driver_api
                0x00000000000e5084       0x14 zephyr/drivers/serial/libdrivers__serial.a(uart_mchp_xec.c.obj)
 .rodata.CSWTCH.15
                0x00000000000e5098       0x14 zephyr/kernel/libkernel.a(fatal.c.obj)
 .rodata.levels.0
                0x00000000000e50ac       0x18 zephyr/kernel/libkernel.a(init.c.obj)
 .rodata.main.str1.1
                0x00000000000e50c4       0x49 app/libapp.a(main.c.obj)
 .rodata.str1.1
                0x00000000000e510d       0x11 zephyr/libzephyr.a(cbprintf_packaged.c.obj)
 .rodata.str1.1
                0x00000000000e511e        0x4 zephyr/libzephyr.a(log_core.c.obj)
 .rodata.str1.1
                0x00000000000e5122        0x9 zephyr/libzephyr.a(log_mgmt.c.obj)
 .rodata.z_log_msg_runtime_vcreate.str1.1
                0x00000000000e512b       0x38 zephyr/libzephyr.a(log_msg.c.obj)
 .rodata.newline_print.str1.1
                0x00000000000e5163        0x3 zephyr/libzephyr.a(log_output.c.obj)
                                          0x5 (size before relaxing)
 .rodata.log_output_process.str1.1
                0x00000000000e5166       0x4f zephyr/libzephyr.a(log_output.c.obj)
                                         0x51 (size before relaxing)
 .rodata.str1.1
                0x00000000000e51b5       0x20 zephyr/libzephyr.a(log_output.c.obj)
 .rodata.str1.1
                0x00000000000e51d5       0x1a zephyr/libzephyr.a(log_backend_uart.c.obj)
 .rodata.str1.1
                0x00000000000e51ef        0x3 zephyr/libzephyr.a(pm.c.obj)
 .rodata.states_per_cpu
                0x00000000000e51f2        0x2 zephyr/libzephyr.a(state.c.obj)
 .rodata.z_arm_fatal_error.str1.1
                0x00000000000e51f4       0xae zephyr/arch/arch/arm/core/libarch__arm__core.a(fatal.c.obj)
 .rodata.mem_manage_fault.constprop.0.str1.1
                0x00000000000e52a2       0xa9 zephyr/arch/arch/arm/core/cortex_m/libarch__arm__core__cortex_m.a(fault.c.obj)
 .rodata.bus_fault.constprop.0.str1.1
                0x00000000000e534b       0x88 zephyr/arch/arch/arm/core/cortex_m/libarch__arm__core__cortex_m.a(fault.c.obj)
 .rodata.usage_fault.constprop.0.str1.1
                0x00000000000e53d3       0xcd zephyr/arch/arch/arm/core/cortex_m/libarch__arm__core__cortex_m.a(fault.c.obj)
 .rodata.z_arm_fault.str1.1
                0x00000000000e54a0      0x111 zephyr/arch/arch/arm/core/cortex_m/libarch__arm__core__cortex_m.a(fault.c.obj)
 .rodata.xec_clock_control_init.str1.1
                0x00000000000e55b1       0x7b zephyr/drivers/clock_control/libdrivers__clock_control.a(clock_control_mchp_xec.c.obj)
 .rodata.str1.1
                0x00000000000e562c       0x1f zephyr/drivers/clock_control/libdrivers__clock_control.a(clock_control_mchp_xec.c.obj)
 .rodata.str1.1
                0x00000000000e564b       0x54 zephyr/drivers/gpio/libdrivers__gpio.a(gpio_mchp_xec.c.obj)
 .rodata.pwm_xec_init.str1.1
                0x00000000000e569f       0x21 zephyr/drivers/pwm/libdrivers__pwm.a(pwm_mchp_xec.c.obj)
 .rodata.pwm_xec_set_cycles.str1.1
                0x00000000000e56c0       0xe1 zephyr/drivers/pwm/libdrivers__pwm.a(pwm_mchp_xec.c.obj)
 .rodata.__func__.0
                0x00000000000e57a1       0x13 zephyr/drivers/pwm/libdrivers__pwm.a(pwm_mchp_xec.c.obj)
 .rodata.__func__.1
                0x00000000000e57b4       0x1f zephyr/drivers/pwm/libdrivers__pwm.a(pwm_mchp_xec.c.obj)
 .rodata.__func__.2
                0x00000000000e57d3       0x13 zephyr/drivers/pwm/libdrivers__pwm.a(pwm_mchp_xec.c.obj)
 .rodata.str1.1
                0x00000000000e57e6       0x1a zephyr/drivers/pwm/libdrivers__pwm.a(pwm_mchp_xec.c.obj)
 .rodata.str1.1
                0x00000000000e5800       0x17 zephyr/drivers/serial/libdrivers__serial.a(uart_mchp_xec.c.obj)
 .rodata.k_sys_fatal_error_handler.str1.1
                0x00000000000e5817        0xf zephyr/kernel/libkernel.a(fatal.c.obj)
 .rodata.z_fatal_error.str1.1
                0x00000000000e5826       0x77 zephyr/kernel/libkernel.a(fatal.c.obj)
 .rodata.str1.1
                0x00000000000e589d       0x4a zephyr/kernel/libkernel.a(fatal.c.obj)
 .rodata.z_cstart.str1.1
                0x00000000000e58e7        0x5 zephyr/kernel/libkernel.a(init.c.obj)
 .rodata.str1.1
                0x00000000000e58ec        0x3 zephyr/kernel/libkernel.a(init.c.obj)
 .rodata.boot_banner.str1.1
                0x00000000000e58ef       0x3a zephyr/kernel/libkernel.a(banner.c.obj)
 .rodata.__l_vfprintf.str1.1
                0x00000000000e5929        0xf /home/jayesh/zephyr-sdk-0.16.8/arm-zephyr-eabi/bin/../lib/gcc/../../picolibc/arm-zephyr-eabi/lib/thumb/v7e-m/nofp/libc.a(libc_tinystdio_vflprintf.c.o)
 *(SORT_BY_ALIGNMENT(.gnu.linkonce.r.*))
                0x00000000000e5938                . = ALIGN (0x4)
                0x00000000000e5938                __rodata_region_end = .
                0x00000000000e5938                . = ALIGN (_region_min_align)
                0x00000000000e5938                __rom_region_end = ((__rom_region_start + .) - ADDR (rom_start))

/DISCARD/
 *(SORT_BY_ALIGNMENT(.got.plt))
 *(SORT_BY_ALIGNMENT(.igot.plt))
 *(SORT_BY_ALIGNMENT(.got))
 *(SORT_BY_ALIGNMENT(.igot))
                0x0000000000118000                . = 0x118000
                0x0000000000118000                . = ALIGN (_region_min_align)
                0x0000000000118000                _image_ram_start = .

.ramfunc        0x0000000000118000        0x0 load address 0x00000000000e5938
                0x0000000000118000                . = ALIGN (_region_min_align)
                0x0000000000118000                __ramfunc_start = .
 *(SORT_BY_ALIGNMENT(.ramfunc))
 *(SORT_BY_ALIGNMENT(.ramfunc.*))
                0x0000000000118000                . = ALIGN (_region_min_align)
                0x0000000000118000                __ramfunc_end = .
                0x0000000000000000                __ramfunc_size = (__ramfunc_end - __ramfunc_start)
                0x00000000000e5938                __ramfunc_load_start = LOADADDR (.ramfunc)

datas           0x0000000000118000       0x60 load address 0x00000000000e5938
                0x0000000000118000                __data_region_start = .
                0x0000000000118000                __data_start = .
 *(SORT_BY_ALIGNMENT(.data))
 *(SORT_BY_ALIGNMENT(.data.*))
 .data.next_event_cyc
                0x0000000000118000        0x8 zephyr/libzephyr.a(policy.c.obj)
 .data._char_out
                0x0000000000118008        0x4 zephyr/libzephyr.a(printk.c.obj)
 .data.timestamp_func
                0x000000000011800c        0x4 zephyr/libzephyr.a(log_core.c.obj)
 .data.backend_cb_log_backend_uart
                0x0000000000118010        0x8 zephyr/libzephyr.a(log_backend_uart.c.obj)
 .data.max_latency_cyc
                0x0000000000118018        0x4 zephyr/libzephyr.a(policy.c.obj)
 .data.substate_lock_t
                0x000000000011801c       0x10 zephyr/libzephyr.a(policy.c.obj)
 .data.__stdout
                0x000000000011802c       0x10 zephyr/lib/libc/picolibc/liblib__libc__picolibc.a(libc-hooks.c.obj)
 .data.pwm_xec_config_0
                0x000000000011803c        0xc zephyr/drivers/pwm/libdrivers__pwm.a(pwm_mchp_xec.c.obj)
 .data.uart_xec_dev_data_0
                0x0000000000118048        0xc zephyr/drivers/serial/libdrivers__serial.a(uart_mchp_xec.c.obj)
 .data.cached_icr
                0x0000000000118054        0x4 zephyr/drivers/timer/libdrivers__timer.a(mchp_xec_rtos_timer.c.obj)
 .data.timeout_list
                0x0000000000118058        0x8 zephyr/kernel/libkernel.a(timeout.c.obj)
 *(SORT_BY_ALIGNMENT(.kernel.*))
                0x0000000000118060                __data_end = .
                0x0000000000000060                __data_size = (__data_end - __data_start)
                0x00000000000e5938                __data_load_start = LOADADDR (datas)
                0x00000000000e5938                __data_region_load_start = LOADADDR (datas)

device_states   0x0000000000118060       0x12 load address 0x00000000000e5998
                0x0000000000118060                __device_states_start = .
 *(SORT_BY_ALIGNMENT(.z_devstate))
 .z_devstate    0x0000000000118060        0x2 zephyr/drivers/clock_control/libdrivers__clock_control.a(clock_control_mchp_xec.c.obj)
 .z_devstate    0x0000000000118062        0xc zephyr/drivers/gpio/libdrivers__gpio.a(gpio_mchp_xec.c.obj)
 .z_devstate    0x000000000011806e        0x2 zephyr/drivers/pwm/libdrivers__pwm.a(pwm_mchp_xec.c.obj)
 .z_devstate    0x0000000000118070        0x2 zephyr/drivers/serial/libdrivers__serial.a(uart_mchp_xec.c.obj)
 *(SORT_BY_ALIGNMENT(.z_devstate.*))
                0x0000000000118072                __device_states_end = .

log_mpsc_pbuf_area
                0x0000000000118072        0x0 load address 0x00000000000e59aa
                0x0000000000118072                _log_mpsc_pbuf_list_start = .
 *(SORT_BY_NAME(SORT_BY_ALIGNMENT(._log_mpsc_pbuf.static.*)))
                0x0000000000118072                _log_mpsc_pbuf_list_end = .

log_msg_ptr_area
                0x0000000000118074        0x4 load address 0x00000000000e59ac
                0x0000000000118074                _log_msg_ptr_list_start = .
 *(SORT_BY_NAME(SORT_BY_ALIGNMENT(._log_msg_ptr.static.*)))
 ._log_msg_ptr.static.log_msg_ptr_
                0x0000000000118074        0x4 zephyr/libzephyr.a(log_core.c.obj)
                0x0000000000118078                _log_msg_ptr_list_end = .

log_dynamic_area
                0x0000000000118078        0x0 load address 0x00000000000e59b0
                0x0000000000118078                _log_dynamic_list_start = .
 *(SORT_BY_NAME(SORT_BY_ALIGNMENT(._log_dynamic.static.*)))
                0x0000000000118078                _log_dynamic_list_end = .

k_timer_area    0x0000000000118078        0x0 load address 0x00000000000e59b0
                0x0000000000118078                _k_timer_list_start = .
 *(SORT_BY_NAME(SORT_BY_ALIGNMENT(._k_timer.static.*)))
                0x0000000000118078                _k_timer_list_end = .

k_mem_slab_area
                0x0000000000118078        0x0 load address 0x00000000000e59b0
                0x0000000000118078                _k_mem_slab_list_start = .
 *(SORT_BY_NAME(SORT_BY_ALIGNMENT(._k_mem_slab.static.*)))
                0x0000000000118078                _k_mem_slab_list_end = .

k_heap_area     0x0000000000118078        0x0 load address 0x00000000000e59b0
                0x0000000000118078                _k_heap_list_start = .
 *(SORT_BY_NAME(SORT_BY_ALIGNMENT(._k_heap.static.*)))
                0x0000000000118078                _k_heap_list_end = .

k_mutex_area    0x0000000000118078        0x0 load address 0x00000000000e59b0
                0x0000000000118078                _k_mutex_list_start = .
 *(SORT_BY_NAME(SORT_BY_ALIGNMENT(._k_mutex.static.*)))
                0x0000000000118078                _k_mutex_list_end = .

k_stack_area    0x0000000000118078        0x0 load address 0x00000000000e59b0
                0x0000000000118078                _k_stack_list_start = .
 *(SORT_BY_NAME(SORT_BY_ALIGNMENT(._k_stack.static.*)))
                0x0000000000118078                _k_stack_list_end = .

k_msgq_area     0x0000000000118078        0x0 load address 0x00000000000e59b0
                0x0000000000118078                _k_msgq_list_start = .
 *(SORT_BY_NAME(SORT_BY_ALIGNMENT(._k_msgq.static.*)))
                0x0000000000118078                _k_msgq_list_end = .

k_mbox_area     0x0000000000118078        0x0 load address 0x00000000000e59b0
                0x0000000000118078                _k_mbox_list_start = .
 *(SORT_BY_NAME(SORT_BY_ALIGNMENT(._k_mbox.static.*)))
                0x0000000000118078                _k_mbox_list_end = .

k_pipe_area     0x0000000000118078        0x0 load address 0x00000000000e59b0
                0x0000000000118078                _k_pipe_list_start = .
 *(SORT_BY_NAME(SORT_BY_ALIGNMENT(._k_pipe.static.*)))
                0x0000000000118078                _k_pipe_list_end = .

k_sem_area      0x0000000000118078        0x0 load address 0x00000000000e59b0
                0x0000000000118078                _k_sem_list_start = .
 *(SORT_BY_NAME(SORT_BY_ALIGNMENT(._k_sem.static.*)))
                0x0000000000118078                _k_sem_list_end = .

k_event_area    0x0000000000118078        0x0 load address 0x00000000000e59b0
                0x0000000000118078                _k_event_list_start = .
 *(SORT_BY_NAME(SORT_BY_ALIGNMENT(._k_event.static.*)))
                0x0000000000118078                _k_event_list_end = .

k_queue_area    0x0000000000118078        0x0 load address 0x00000000000e59b0
                0x0000000000118078                _k_queue_list_start = .
 *(SORT_BY_NAME(SORT_BY_ALIGNMENT(._k_queue.static.*)))
                0x0000000000118078                _k_queue_list_end = .

k_fifo_area     0x0000000000118078        0x0 load address 0x00000000000e59b0
                0x0000000000118078                _k_fifo_list_start = .
 *(SORT_BY_NAME(SORT_BY_ALIGNMENT(._k_fifo.static.*)))
                0x0000000000118078                _k_fifo_list_end = .

k_lifo_area     0x0000000000118078        0x0 load address 0x00000000000e59b0
                0x0000000000118078                _k_lifo_list_start = .
 *(SORT_BY_NAME(SORT_BY_ALIGNMENT(._k_lifo.static.*)))
                0x0000000000118078                _k_lifo_list_end = .

k_condvar_area  0x0000000000118078        0x0 load address 0x00000000000e59b0
                0x0000000000118078                _k_condvar_list_start = .
 *(SORT_BY_NAME(SORT_BY_ALIGNMENT(._k_condvar.static.*)))
                0x0000000000118078                _k_condvar_list_end = .

sys_mem_blocks_ptr_area
                0x0000000000118078        0x0 load address 0x00000000000e59b0
                0x0000000000118078                _sys_mem_blocks_ptr_list_start = .
 *(SORT_BY_NAME(SORT_BY_ALIGNMENT(._sys_mem_blocks_ptr.static.*)))
                0x0000000000118078                _sys_mem_blocks_ptr_list_end = .

net_buf_pool_area
                0x0000000000118078        0x0 load address 0x00000000000e59b0
                0x0000000000118078                _net_buf_pool_list_start = .
 *(SORT_BY_NAME(SORT_BY_ALIGNMENT(._net_buf_pool.static.*)))
                0x0000000000118078                _net_buf_pool_list_end = .
                0x0000000000118078                __data_region_end = .

bss             0x0000000000118078      0x28b
                0x0000000000118078                . = ALIGN (0x4)
                0x0000000000118078                __bss_start = .
                0x0000000000118078                __kernel_ram_start = .
 *(SORT_BY_ALIGNMENT(.bss))
 *(SORT_BY_ALIGNMENT(.bss.*))
 .bss.z_idle_threads
                0x0000000000118078       0x70 zephyr/kernel/libkernel.a(init.c.obj)
                0x0000000000118078                z_idle_threads
 .bss.z_main_thread
                0x00000000001180e8       0x70 zephyr/kernel/libkernel.a(init.c.obj)
                0x00000000001180e8                z_main_thread
 .bss._thread_dummy
                0x0000000000118158       0x70 zephyr/kernel/libkernel.a(sched.c.obj)
                0x0000000000118158                _thread_dummy
 .bss.slice_timeouts
                0x00000000001181c8       0x18 zephyr/kernel/libkernel.a(timeslicing.c.obj)
 .bss.curr_tick
                0x00000000001181e0        0x8 zephyr/kernel/libkernel.a(timeout.c.obj)
 .bss.timers    0x00000000001181e8       0x14 zephyr/libzephyr.a(device_power.c.obj)
 .bss.ecs       0x00000000001181fc        0x4 zephyr/libzephyr.a(device_power.c.obj)
 .bss.dropped_cnt
                0x0000000000118200        0x4 zephyr/libzephyr.a(log_core.c.obj)
 .bss.buffered_cnt
                0x0000000000118204        0x4 zephyr/libzephyr.a(log_core.c.obj)
 .bss.initialized
                0x0000000000118208        0x4 zephyr/libzephyr.a(log_core.c.obj)
 .bss.timestamp_div
                0x000000000011820c        0x4 zephyr/libzephyr.a(log_output.c.obj)
 .bss.freq      0x0000000000118210        0x4 zephyr/libzephyr.a(log_output.c.obj)
 .bss.lbu_data  0x0000000000118214       0x18 zephyr/libzephyr.a(log_backend_uart.c.obj)
 .bss.lbu_output_control_block
                0x000000000011822c        0xc zephyr/libzephyr.a(log_backend_uart.c.obj)
 .bss.z_cpus_pm_forced_state
                0x0000000000118238        0xc zephyr/libzephyr.a(pm.c.obj)
 .bss.z_cpus_pm_state
                0x0000000000118244        0xc zephyr/libzephyr.a(pm.c.obj)
 .bss.pm_notifiers
                0x0000000000118250        0x8 zephyr/libzephyr.a(pm.c.obj)
 .bss.z_post_ops_required
                0x0000000000118258        0x4 zephyr/libzephyr.a(pm.c.obj)
 .bss.z_arm_tls_ptr
                0x000000000011825c        0x4 zephyr/arch/arch/arm/core/libarch__arm__core.a(tls.c.obj)
                0x000000000011825c                z_arm_tls_ptr
 .bss._stdout_hook
                0x0000000000118260        0x4 zephyr/lib/libc/picolibc/liblib__libc__picolibc.a(libc-hooks.c.obj)
 .bss.z_malloc_heap
                0x0000000000118264        0xc zephyr/lib/libc/common/liblib__libc__common.a(malloc.c.obj)
 .bss.gpio_xec_port240_276_data
                0x0000000000118270        0xc zephyr/drivers/gpio/libdrivers__gpio.a(gpio_mchp_xec.c.obj)
 .bss.gpio_xec_port200_236_data
                0x000000000011827c        0xc zephyr/drivers/gpio/libdrivers__gpio.a(gpio_mchp_xec.c.obj)
 .bss.gpio_xec_port140_176_data
                0x0000000000118288        0xc zephyr/drivers/gpio/libdrivers__gpio.a(gpio_mchp_xec.c.obj)
 .bss.gpio_xec_port100_136_data
                0x0000000000118294        0xc zephyr/drivers/gpio/libdrivers__gpio.a(gpio_mchp_xec.c.obj)
 .bss.gpio_xec_port040_076_data
                0x00000000001182a0        0xc zephyr/drivers/gpio/libdrivers__gpio.a(gpio_mchp_xec.c.obj)
 .bss.gpio_xec_port000_036_data
                0x00000000001182ac        0xc zephyr/drivers/gpio/libdrivers__gpio.a(gpio_mchp_xec.c.obj)
 .bss.pwm_xec_data_0
                0x00000000001182b8        0x4 zephyr/drivers/pwm/libdrivers__pwm.a(pwm_mchp_xec.c.obj)
 .bss.last_announcement
                0x00000000001182bc        0x4 zephyr/drivers/timer/libdrivers__timer.a(mchp_xec_rtos_timer.c.obj)
 .bss.total_cycles
                0x00000000001182c0        0x4 zephyr/drivers/timer/libdrivers__timer.a(mchp_xec_rtos_timer.c.obj)
 .bss._cpus_active
                0x00000000001182c4        0x4 zephyr/kernel/libkernel.a(init.c.obj)
                0x00000000001182c4                _cpus_active
 .bss._kernel   0x00000000001182c8       0x24 zephyr/kernel/libkernel.a(init.c.obj)
                0x00000000001182c8                _kernel
 .bss.pending_current
                0x00000000001182ec        0x4 zephyr/kernel/libkernel.a(timeslicing.c.obj)
                0x00000000001182ec                pending_current
 .bss.slice_max_prio
                0x00000000001182f0        0x4 zephyr/kernel/libkernel.a(timeslicing.c.obj)
 .bss.slice_ticks
                0x00000000001182f4        0x4 zephyr/kernel/libkernel.a(timeslicing.c.obj)
 .bss.announce_remaining
                0x00000000001182f8        0x4 zephyr/kernel/libkernel.a(timeout.c.obj)
 .bss.uart_activate
                0x00000000001182fc        0x3 zephyr/libzephyr.a(device_power.c.obj)
 .bss.panic_mode
                0x00000000001182ff        0x1 zephyr/libzephyr.a(log_core.c.obj)
 .bss.lbu_buffer
                0x0000000000118300        0x1 zephyr/libzephyr.a(log_backend_uart.c.obj)
 .bss.z_sys_post_kernel
                0x0000000000118301        0x1 zephyr/kernel/libkernel.a(init.c.obj)
                0x0000000000118301                z_sys_post_kernel
 .bss._sched_spinlock
                0x0000000000118302        0x0 zephyr/kernel/libkernel.a(sched.c.obj)
                0x0000000000118302                _sched_spinlock
 .bss.slice_expired
                0x0000000000118302        0x1 zephyr/kernel/libkernel.a(timeslicing.c.obj)
 *(SORT_BY_ALIGNMENT(COMMON))
 *(SORT_BY_ALIGNMENT(.kernel_bss.*))
                0x0000000000118304                __bss_end = ALIGN (0x4)

noinit          0x0000000000118308      0xd00
 *(SORT_BY_ALIGNMENT(.noinit))
 *(SORT_BY_ALIGNMENT(.noinit.*))
 .noinit."WEST_TOPDIR/zephyr/kernel/init.c".2
                0x0000000000118308      0x800 zephyr/kernel/libkernel.a(init.c.obj)
                0x0000000000118308                z_interrupt_stacks
 .noinit."WEST_TOPDIR/zephyr/kernel/init.c".1
                0x0000000000118b08      0x100 zephyr/kernel/libkernel.a(init.c.obj)
 .noinit."WEST_TOPDIR/zephyr/kernel/init.c".0
                0x0000000000118c08      0x400 zephyr/kernel/libkernel.a(init.c.obj)
                0x0000000000118c08                z_main_stack
 *(SORT_BY_ALIGNMENT(.kernel_noinit.*))
                0x0000000000120000                __kernel_ram_end = 0x120000
                0x0000000000007f88                __kernel_ram_size = (__kernel_ram_end - __kernel_ram_start)

.intList        0x00000000ffff8000       0x78
 *(SORT_BY_ALIGNMENT(.irq_info*))
 .irq_info      0x00000000ffff8000        0x8 zephyr/arch/common/libisr_tables.a(isr_tables.c.obj)
                0x00000000ffff8000                _iheader
 *(SORT_BY_ALIGNMENT(.intList*))
 .intList       0x00000000ffff8008       0x60 zephyr/drivers/gpio/libdrivers__gpio.a(gpio_mchp_xec.c.obj)
 .intList       0x00000000ffff8068       0x10 zephyr/drivers/timer/libdrivers__timer.a(mchp_xec_rtos_timer.c.obj)

.last_ram_section
                0x0000000000119008        0x0
                0x0000000000119008                _image_ram_end = .
                0x0000000000001008                _image_ram_size = (_image_ram_end - _image_ram_start)
                0x0000000000119008                _end = .
                0x0000000000119008                z_mapped_end = .

.stab
 *(SORT_BY_ALIGNMENT(.stab))

.stabstr
 *(SORT_BY_ALIGNMENT(.stabstr))

.stab.excl
 *(SORT_BY_ALIGNMENT(.stab.excl))

.stab.exclstr
 *(SORT_BY_ALIGNMENT(.stab.exclstr))

.stab.index
 *(SORT_BY_ALIGNMENT(.stab.index))

.stab.indexstr
 *(SORT_BY_ALIGNMENT(.stab.indexstr))

.gnu.build.attributes
 *(SORT_BY_ALIGNMENT(.gnu.build.attributes) SORT_BY_ALIGNMENT(.gnu.build.attributes.*))

.comment        0x0000000000000000       0x20
 *(SORT_BY_ALIGNMENT(.comment))
 .comment       0x0000000000000000       0x20 zephyr/CMakeFiles/offsets.dir/./arch/arm/core/offsets/offsets.c.obj
                                         0x21 (size before relaxing)
 .comment       0x0000000000000020       0x21 app/libapp.a(main.c.obj)
 .comment       0x0000000000000020       0x21 zephyr/libzephyr.a(heap.c.obj)
 .comment       0x0000000000000020       0x21 zephyr/libzephyr.a(cbprintf_packaged.c.obj)
 .comment       0x0000000000000020       0x21 zephyr/libzephyr.a(printk.c.obj)
 .comment       0x0000000000000020       0x21 zephyr/libzephyr.a(thread_entry.c.obj)
 .comment       0x0000000000000020       0x21 zephyr/libzephyr.a(configs.c.obj)
 .comment       0x0000000000000020       0x21 zephyr/libzephyr.a(soc.c.obj)
 .comment       0x0000000000000020       0x21 zephyr/libzephyr.a(device_power.c.obj)
 .comment       0x0000000000000020       0x21 zephyr/libzephyr.a(power.c.obj)
 .comment       0x0000000000000020       0x21 zephyr/libzephyr.a(log_core.c.obj)
 .comment       0x0000000000000020       0x21 zephyr/libzephyr.a(log_mgmt.c.obj)
 .comment       0x0000000000000020       0x21 zephyr/libzephyr.a(log_msg.c.obj)
 .comment       0x0000000000000020       0x21 zephyr/libzephyr.a(log_output.c.obj)
 .comment       0x0000000000000020       0x21 zephyr/libzephyr.a(log_backend_uart.c.obj)
 .comment       0x0000000000000020       0x21 zephyr/libzephyr.a(pm.c.obj)
 .comment       0x0000000000000020       0x21 zephyr/libzephyr.a(policy.c.obj)
 .comment       0x0000000000000020       0x21 zephyr/libzephyr.a(state.c.obj)
 .comment       0x0000000000000020       0x21 zephyr/arch/arch/arm/core/libarch__arm__core.a(fatal.c.obj)
 .comment       0x0000000000000020       0x21 zephyr/arch/arch/arm/core/libarch__arm__core.a(nmi.c.obj)
 .comment       0x0000000000000020       0x21 zephyr/arch/arch/arm/core/libarch__arm__core.a(tls.c.obj)
 .comment       0x0000000000000020       0x21 zephyr/arch/arch/arm/core/cortex_m/libarch__arm__core__cortex_m.a(exc_exit.c.obj)
 .comment       0x0000000000000020       0x21 zephyr/arch/arch/arm/core/cortex_m/libarch__arm__core__cortex_m.a(fault.c.obj)
 .comment       0x0000000000000020       0x21 zephyr/arch/arch/arm/core/cortex_m/libarch__arm__core__cortex_m.a(thread_abort.c.obj)
 .comment       0x0000000000000020       0x21 zephyr/arch/arch/arm/core/cortex_m/libarch__arm__core__cortex_m.a(swap.c.obj)
 .comment       0x0000000000000020       0x21 zephyr/arch/arch/arm/core/cortex_m/libarch__arm__core__cortex_m.a(irq_manage.c.obj)
 .comment       0x0000000000000020       0x21 zephyr/arch/arch/arm/core/cortex_m/libarch__arm__core__cortex_m.a(prep_c.c.obj)
 .comment       0x0000000000000020       0x21 zephyr/arch/arch/arm/core/cortex_m/libarch__arm__core__cortex_m.a(thread.c.obj)
 .comment       0x0000000000000020       0x21 zephyr/arch/arch/arm/core/cortex_m/libarch__arm__core__cortex_m.a(cpu_idle.c.obj)
 .comment       0x0000000000000020       0x21 zephyr/arch/arch/arm/core/cortex_m/libarch__arm__core__cortex_m.a(irq_init.c.obj)
 .comment       0x0000000000000020       0x21 zephyr/arch/arch/arm/core/cortex_m/libarch__arm__core__cortex_m.a(isr_wrapper.c.obj)
 .comment       0x0000000000000020       0x21 zephyr/lib/libc/picolibc/liblib__libc__picolibc.a(libc-hooks.c.obj)
 .comment       0x0000000000000020       0x21 zephyr/lib/libc/common/liblib__libc__common.a(malloc.c.obj)
 .comment       0x0000000000000020       0x21 zephyr/drivers/clock_control/libdrivers__clock_control.a(clock_control_mchp_xec.c.obj)
 .comment       0x0000000000000020       0x21 zephyr/drivers/console/libdrivers__console.a(uart_console.c.obj)
 .comment       0x0000000000000020       0x21 zephyr/drivers/gpio/libdrivers__gpio.a(gpio_mchp_xec.c.obj)
 .comment       0x0000000000000020       0x21 zephyr/drivers/pinctrl/libdrivers__pinctrl.a(common.c.obj)
 .comment       0x0000000000000020       0x21 zephyr/drivers/pinctrl/libdrivers__pinctrl.a(pinctrl_mchp_xec.c.obj)
 .comment       0x0000000000000020       0x21 zephyr/drivers/pwm/libdrivers__pwm.a(pwm_mchp_xec.c.obj)
 .comment       0x0000000000000020       0x21 zephyr/drivers/serial/libdrivers__serial.a(uart_mchp_xec.c.obj)
 .comment       0x0000000000000020       0x21 zephyr/drivers/timer/libdrivers__timer.a(mchp_xec_rtos_timer.c.obj)
 .comment       0x0000000000000020       0x21 zephyr/kernel/libkernel.a(device.c.obj)
 .comment       0x0000000000000020       0x21 zephyr/kernel/libkernel.a(fatal.c.obj)
 .comment       0x0000000000000020       0x21 zephyr/kernel/libkernel.a(init.c.obj)
 .comment       0x0000000000000020       0x21 zephyr/kernel/libkernel.a(init_static.c.obj)
 .comment       0x0000000000000020       0x21 zephyr/kernel/libkernel.a(idle.c.obj)
 .comment       0x0000000000000020       0x21 zephyr/kernel/libkernel.a(thread.c.obj)
 .comment       0x0000000000000020       0x21 zephyr/kernel/libkernel.a(sched.c.obj)
 .comment       0x0000000000000020       0x21 zephyr/kernel/libkernel.a(timeslicing.c.obj)
 .comment       0x0000000000000020       0x21 zephyr/kernel/libkernel.a(xip.c.obj)
 .comment       0x0000000000000020       0x21 zephyr/kernel/libkernel.a(timeout.c.obj)
 .comment       0x0000000000000020       0x21 zephyr/kernel/libkernel.a(banner.c.obj)
 .comment       0x0000000000000020       0x21 zephyr/arch/common/libisr_tables.a(isr_tables.c.obj)

.debug
 *(SORT_BY_ALIGNMENT(.debug))

.line
 *(SORT_BY_ALIGNMENT(.line))

.debug_srcinfo
 *(SORT_BY_ALIGNMENT(.debug_srcinfo))

.debug_sfnames
 *(SORT_BY_ALIGNMENT(.debug_sfnames))

.debug_aranges  0x0000000000000000     0x1138
 *(SORT_BY_ALIGNMENT(.debug_aranges))
 .debug_aranges
                0x0000000000000000       0x20 zephyr/arch/arch/arm/core/libarch__arm__core.a(nmi_on_reset.S.obj)
 .debug_aranges
                0x0000000000000020       0x20 zephyr/arch/arch/arm/core/cortex_m/libarch__arm__core__cortex_m.a(fault_s.S.obj)
 .debug_aranges
                0x0000000000000040       0x20 zephyr/arch/arch/arm/core/cortex_m/libarch__arm__core__cortex_m.a(reset.S.obj)
 .debug_aranges
                0x0000000000000060       0x28 zephyr/arch/arch/arm/core/cortex_m/libarch__arm__core__cortex_m.a(swap_helper.S.obj)
 .debug_aranges
                0x0000000000000088       0x20 zephyr/arch/arch/arm/core/cortex_m/libarch__arm__core__cortex_m.a(__aeabi_read_tp.S.obj)
 .debug_aranges
                0x00000000000000a8       0x20 zephyr/CMakeFiles/offsets.dir/./arch/arm/core/offsets/offsets.c.obj
 .debug_aranges
                0x00000000000000c8       0x20 app/libapp.a(main.c.obj)
 .debug_aranges
                0x00000000000000e8       0x88 zephyr/libzephyr.a(heap.c.obj)
 .debug_aranges
                0x0000000000000170       0x48 zephyr/libzephyr.a(cbprintf_packaged.c.obj)
 .debug_aranges
                0x00000000000001b8       0x48 zephyr/libzephyr.a(printk.c.obj)
 .debug_aranges
                0x0000000000000200       0x20 zephyr/libzephyr.a(thread_entry.c.obj)
 .debug_aranges
                0x0000000000000220       0x20 zephyr/libzephyr.a(configs.c.obj)
 .debug_aranges
                0x0000000000000240       0x20 zephyr/libzephyr.a(soc.c.obj)
 .debug_aranges
                0x0000000000000260       0x58 zephyr/libzephyr.a(device_power.c.obj)
 .debug_aranges
                0x00000000000002b8       0x28 zephyr/libzephyr.a(power.c.obj)
 .debug_aranges
                0x00000000000002e0      0x148 zephyr/libzephyr.a(log_core.c.obj)
 .debug_aranges
                0x0000000000000428       0xb8 zephyr/libzephyr.a(log_mgmt.c.obj)
 .debug_aranges
                0x00000000000004e0       0x68 zephyr/libzephyr.a(log_msg.c.obj)
 .debug_aranges
                0x0000000000000548       0x70 zephyr/libzephyr.a(log_output.c.obj)
 .debug_aranges
                0x00000000000005b8       0x40 zephyr/libzephyr.a(log_backend_uart.c.obj)
 .debug_aranges
                0x00000000000005f8       0x68 zephyr/libzephyr.a(pm.c.obj)
 .debug_aranges
                0x0000000000000660       0xa0 zephyr/libzephyr.a(policy.c.obj)
 .debug_aranges
                0x0000000000000700       0x20 zephyr/libzephyr.a(state.c.obj)
 .debug_aranges
                0x0000000000000720       0x38 zephyr/arch/arch/arm/core/libarch__arm__core.a(fatal.c.obj)
 .debug_aranges
                0x0000000000000758       0x20 zephyr/arch/arch/arm/core/libarch__arm__core.a(nmi.c.obj)
 .debug_aranges
                0x0000000000000778       0x20 zephyr/arch/arch/arm/core/libarch__arm__core.a(tls.c.obj)
 .debug_aranges
                0x0000000000000798       0x20 zephyr/arch/arch/arm/core/cortex_m/libarch__arm__core__cortex_m.a(exc_exit.c.obj)
 .debug_aranges
                0x00000000000007b8       0x48 zephyr/arch/arch/arm/core/cortex_m/libarch__arm__core__cortex_m.a(fault.c.obj)
 .debug_aranges
                0x0000000000000800       0x20 zephyr/arch/arch/arm/core/cortex_m/libarch__arm__core__cortex_m.a(thread_abort.c.obj)
 .debug_aranges
                0x0000000000000820       0x28 zephyr/arch/arch/arm/core/cortex_m/libarch__arm__core__cortex_m.a(swap.c.obj)
 .debug_aranges
                0x0000000000000848       0x48 zephyr/arch/arch/arm/core/cortex_m/libarch__arm__core__cortex_m.a(irq_manage.c.obj)
 .debug_aranges
                0x0000000000000890       0x20 zephyr/arch/arch/arm/core/cortex_m/libarch__arm__core__cortex_m.a(prep_c.c.obj)
 .debug_aranges
                0x00000000000008b0       0x38 zephyr/arch/arch/arm/core/cortex_m/libarch__arm__core__cortex_m.a(thread.c.obj)
 .debug_aranges
                0x00000000000008e8       0x30 zephyr/arch/arch/arm/core/cortex_m/libarch__arm__core__cortex_m.a(cpu_idle.c.obj)
 .debug_aranges
                0x0000000000000918       0x20 zephyr/arch/arch/arm/core/cortex_m/libarch__arm__core__cortex_m.a(irq_init.c.obj)
 .debug_aranges
                0x0000000000000938       0x20 zephyr/arch/arch/arm/core/cortex_m/libarch__arm__core__cortex_m.a(isr_wrapper.c.obj)
 .debug_aranges
                0x0000000000000958       0xb0 zephyr/lib/libc/picolibc/liblib__libc__picolibc.a(libc-hooks.c.obj)
 .debug_aranges
                0x0000000000000a08       0x60 zephyr/lib/libc/common/liblib__libc__common.a(malloc.c.obj)
 .debug_aranges
                0x0000000000000a68       0x78 zephyr/drivers/clock_control/libdrivers__clock_control.a(clock_control_mchp_xec.c.obj)
 .debug_aranges
                0x0000000000000ae0       0x30 zephyr/drivers/console/libdrivers__console.a(uart_console.c.obj)
 .debug_aranges
                0x0000000000000b10       0x90 zephyr/drivers/gpio/libdrivers__gpio.a(gpio_mchp_xec.c.obj)
 .debug_aranges
                0x0000000000000ba0       0x20 zephyr/drivers/pinctrl/libdrivers__pinctrl.a(common.c.obj)
 .debug_aranges
                0x0000000000000bc0       0x20 zephyr/drivers/pinctrl/libdrivers__pinctrl.a(pinctrl_mchp_xec.c.obj)
 .debug_aranges
                0x0000000000000be0       0x40 zephyr/drivers/pwm/libdrivers__pwm.a(pwm_mchp_xec.c.obj)
 .debug_aranges
                0x0000000000000c20       0x48 zephyr/drivers/serial/libdrivers__serial.a(uart_mchp_xec.c.obj)
 .debug_aranges